Archive member included to satisfy reference by file (symbol)

D:/Programs/STM32CubeIDE_1.19.0/STM32CubeIDE/plugins/com.st.stm32cube.ide.mcu.externaltools.gnu-tools-for-stm32.13.3.rel1.win32_1.0.0.202411081344/tools/bin/../lib/gcc/arm-none-eabi/13.3.1/../../../../arm-none-eabi/lib/thumb/v7e-m+fp/hard\libc_nano.a(libc_a-exit.o)
                              D:/Programs/STM32CubeIDE_1.19.0/STM32CubeIDE/plugins/com.st.stm32cube.ide.mcu.externaltools.gnu-tools-for-stm32.13.3.rel1.win32_1.0.0.202411081344/tools/bin/../lib/gcc/arm-none-eabi/13.3.1/../../../../arm-none-eabi/lib/thumb/v7e-m+fp/hard/crt0.o (exit)
D:/Programs/STM32CubeIDE_1.19.0/STM32CubeIDE/plugins/com.st.stm32cube.ide.mcu.externaltools.gnu-tools-for-stm32.13.3.rel1.win32_1.0.0.202411081344/tools/bin/../lib/gcc/arm-none-eabi/13.3.1/../../../../arm-none-eabi/lib/thumb/v7e-m+fp/hard\libc_nano.a(libc_a-findfp.o)
                              D:/Programs/STM32CubeIDE_1.19.0/STM32CubeIDE/plugins/com.st.stm32cube.ide.mcu.externaltools.gnu-tools-for-stm32.13.3.rel1.win32_1.0.0.202411081344/tools/bin/../lib/gcc/arm-none-eabi/13.3.1/../../../../arm-none-eabi/lib/thumb/v7e-m+fp/hard\libc_nano.a(libc_a-exit.o) (__stdio_exit_handler)
D:/Programs/STM32CubeIDE_1.19.0/STM32CubeIDE/plugins/com.st.stm32cube.ide.mcu.externaltools.gnu-tools-for-stm32.13.3.rel1.win32_1.0.0.202411081344/tools/bin/../lib/gcc/arm-none-eabi/13.3.1/../../../../arm-none-eabi/lib/thumb/v7e-m+fp/hard\libc_nano.a(libc_a-fwalk.o)
                              D:/Programs/STM32CubeIDE_1.19.0/STM32CubeIDE/plugins/com.st.stm32cube.ide.mcu.externaltools.gnu-tools-for-stm32.13.3.rel1.win32_1.0.0.202411081344/tools/bin/../lib/gcc/arm-none-eabi/13.3.1/../../../../arm-none-eabi/lib/thumb/v7e-m+fp/hard\libc_nano.a(libc_a-findfp.o) (_fwalk_sglue)
D:/Programs/STM32CubeIDE_1.19.0/STM32CubeIDE/plugins/com.st.stm32cube.ide.mcu.externaltools.gnu-tools-for-stm32.13.3.rel1.win32_1.0.0.202411081344/tools/bin/../lib/gcc/arm-none-eabi/13.3.1/../../../../arm-none-eabi/lib/thumb/v7e-m+fp/hard\libc_nano.a(libc_a-stdio.o)
                              D:/Programs/STM32CubeIDE_1.19.0/STM32CubeIDE/plugins/com.st.stm32cube.ide.mcu.externaltools.gnu-tools-for-stm32.13.3.rel1.win32_1.0.0.202411081344/tools/bin/../lib/gcc/arm-none-eabi/13.3.1/../../../../arm-none-eabi/lib/thumb/v7e-m+fp/hard\libc_nano.a(libc_a-findfp.o) (__sread)
D:/Programs/STM32CubeIDE_1.19.0/STM32CubeIDE/plugins/com.st.stm32cube.ide.mcu.externaltools.gnu-tools-for-stm32.13.3.rel1.win32_1.0.0.202411081344/tools/bin/../lib/gcc/arm-none-eabi/13.3.1/../../../../arm-none-eabi/lib/thumb/v7e-m+fp/hard\libc_nano.a(libc_a-memset.o)
                              D:/Programs/STM32CubeIDE_1.19.0/STM32CubeIDE/plugins/com.st.stm32cube.ide.mcu.externaltools.gnu-tools-for-stm32.13.3.rel1.win32_1.0.0.202411081344/tools/bin/../lib/gcc/arm-none-eabi/13.3.1/../../../../arm-none-eabi/lib/thumb/v7e-m+fp/hard/crt0.o (memset)
D:/Programs/STM32CubeIDE_1.19.0/STM32CubeIDE/plugins/com.st.stm32cube.ide.mcu.externaltools.gnu-tools-for-stm32.13.3.rel1.win32_1.0.0.202411081344/tools/bin/../lib/gcc/arm-none-eabi/13.3.1/../../../../arm-none-eabi/lib/thumb/v7e-m+fp/hard\libc_nano.a(libc_a-closer.o)
                              D:/Programs/STM32CubeIDE_1.19.0/STM32CubeIDE/plugins/com.st.stm32cube.ide.mcu.externaltools.gnu-tools-for-stm32.13.3.rel1.win32_1.0.0.202411081344/tools/bin/../lib/gcc/arm-none-eabi/13.3.1/../../../../arm-none-eabi/lib/thumb/v7e-m+fp/hard\libc_nano.a(libc_a-stdio.o) (_close_r)
D:/Programs/STM32CubeIDE_1.19.0/STM32CubeIDE/plugins/com.st.stm32cube.ide.mcu.externaltools.gnu-tools-for-stm32.13.3.rel1.win32_1.0.0.202411081344/tools/bin/../lib/gcc/arm-none-eabi/13.3.1/../../../../arm-none-eabi/lib/thumb/v7e-m+fp/hard\libc_nano.a(libc_a-reent.o)
                              D:/Programs/STM32CubeIDE_1.19.0/STM32CubeIDE/plugins/com.st.stm32cube.ide.mcu.externaltools.gnu-tools-for-stm32.13.3.rel1.win32_1.0.0.202411081344/tools/bin/../lib/gcc/arm-none-eabi/13.3.1/../../../../arm-none-eabi/lib/thumb/v7e-m+fp/hard\libc_nano.a(libc_a-closer.o) (errno)
D:/Programs/STM32CubeIDE_1.19.0/STM32CubeIDE/plugins/com.st.stm32cube.ide.mcu.externaltools.gnu-tools-for-stm32.13.3.rel1.win32_1.0.0.202411081344/tools/bin/../lib/gcc/arm-none-eabi/13.3.1/../../../../arm-none-eabi/lib/thumb/v7e-m+fp/hard\libc_nano.a(libc_a-impure.o)
                              D:/Programs/STM32CubeIDE_1.19.0/STM32CubeIDE/plugins/com.st.stm32cube.ide.mcu.externaltools.gnu-tools-for-stm32.13.3.rel1.win32_1.0.0.202411081344/tools/bin/../lib/gcc/arm-none-eabi/13.3.1/../../../../arm-none-eabi/lib/thumb/v7e-m+fp/hard\libc_nano.a(libc_a-reent.o) (_impure_ptr)
D:/Programs/STM32CubeIDE_1.19.0/STM32CubeIDE/plugins/com.st.stm32cube.ide.mcu.externaltools.gnu-tools-for-stm32.13.3.rel1.win32_1.0.0.202411081344/tools/bin/../lib/gcc/arm-none-eabi/13.3.1/../../../../arm-none-eabi/lib/thumb/v7e-m+fp/hard\libc_nano.a(libc_a-lseekr.o)
[...]
Memory Configuration

Name             Origin             Length             Attributes
RAM              0x20000000         0x00008000         xrw
FLASH            0x08000000         0x00020000         xr
*default*        0x00000000         0xffffffff

Linker script and memory map

LOAD D:/Programs/STM32CubeIDE_1.19.0/STM32CubeIDE/plugins/com.st.stm32cube.ide.mcu.externaltools.gnu-tools-for-stm32.13.3.rel1.win32_1.0.0.202411081344/tools/bin/../lib/gcc/arm-none-eabi/13.3.1/thumb/v7e-m+fp/hard/crti.o
LOAD D:/Programs/STM32CubeIDE_1.19.0/STM32CubeIDE/plugins/com.st.stm32cube.ide.mcu.externaltools.gnu-tools-for-stm32.13.3.rel1.win32_1.0.0.202411081344/tools/bin/../lib/gcc/arm-none-eabi/13.3.1/thumb/v7e-m+fp/hard/crtbegin.o
LOAD D:/Programs/STM32CubeIDE_1.19.0/STM32CubeIDE/plugins/com.st.stm32cube.ide.mcu.externaltools.gnu-tools-for-stm32.13.3.rel1.win32_1.0.0.202411081344/tools/bin/../lib/gcc/arm-none-eabi/13.3.1/../../../../arm-none-eabi/lib/thumb/v7e-m+fp/hard/crt0.o
LOAD ./Core/Src/gpio.o
LOAD ./Core/Src/main.o
LOAD ./Core/Src/stm32g4xx_hal_msp.o
LOAD ./Core/Src/stm32g4xx_it.o
LOAD ./Core/Src/syscalls.o
LOAD ./Core/Src/sysmem.o
LOAD ./Core/Src/system_stm32g4xx.o
LOAD ./Core/Src/usb.o
LOAD ./Core/Startup/startup_stm32g431rbtx.o
LOAD ./Drivers/STM32G4xx_HAL_Driver/Src/stm32g4xx_hal.o
LOAD ./Drivers/STM32G4xx_HAL_Driver/Src/stm32g4xx_hal_cortex.o
LOAD ./Drivers/STM32G4xx_HAL_Driver/Src/stm32g4xx_hal_dma.o
LOAD ./Drivers/STM32G4xx_HAL_Driver/Src/stm32g4xx_hal_dma_ex.o
LOAD ./Drivers/STM32G4xx_HAL_Driver/Src/stm32g4xx_hal_exti.o
LOAD ./Drivers/STM32G4xx_HAL_Driver/Src/stm32g4xx_hal_flash.o
LOAD ./Drivers/STM32G4xx_HAL_Driver/Src/stm32g4xx_hal_flash_ex.o
LOAD ./Drivers/STM32G4xx_HAL_Driver/Src/stm32g4xx_hal_flash_ramfunc.o
LOAD ./Drivers/STM32G4xx_HAL_Driver/Src/stm32g4xx_hal_gpio.o
LOAD ./Drivers/STM32G4xx_HAL_Driver/Src/stm32g4xx_hal_pcd.o
LOAD ./Drivers/STM32G4xx_HAL_Driver/Src/stm32g4xx_hal_pcd_ex.o
LOAD ./Drivers/STM32G4xx_HAL_Driver/Src/stm32g4xx_hal_pwr.o
LOAD ./Drivers/STM32G4xx_HAL_Driver/Src/stm32g4xx_hal_pwr_ex.o
LOAD ./Drivers/STM32G4xx_HAL_Driver/Src/stm32g4xx_hal_rcc.o
LOAD ./Drivers/STM32G4xx_HAL_Driver/Src/stm32g4xx_hal_rcc_ex.o
LOAD ./Drivers/STM32G4xx_HAL_Driver/Src/stm32g4xx_ll_usb.o
LOAD ./Middlewares/Third_Party/AL94_USB_Composite/COMPOSITE/App/usb_device.o
LOAD ./Middlewares/Third_Party/AL94_USB_Composite/COMPOSITE/App/usbd_cdc_acm_if.o
LOAD ./Middlewares/Third_Party/AL94_USB_Composite/COMPOSITE/App/usbd_desc.o
LOAD ./Middlewares/Third_Party/AL94_USB_Composite/COMPOSITE/Class/CDC_ACM/Src/usbd_cdc_acm.o
LOAD ./Middlewares/Third_Party/AL94_USB_Composite/COMPOSITE/Class/COMPOSITE/Src/usbd_composite.o
LOAD ./Middlewares/Third_Party/AL94_USB_Composite/COMPOSITE/Class/HID_KEYBOARD/Src/usbd_hid_keyboard.o
LOAD ./Middlewares/Third_Party/AL94_USB_Composite/COMPOSITE/Core/Src/usbd_core.o
LOAD ./Middlewares/Third_Party/AL94_USB_Composite/COMPOSITE/Core/Src/usbd_ctlreq.o
LOAD ./Middlewares/Third_Party/AL94_USB_Composite/COMPOSITE/Core/Src/usbd_ioreq.o
LOAD ./Middlewares/Third_Party/AL94_USB_Composite/COMPOSITE/Target/usbd_conf.o
START GROUP
LOAD D:/Programs/STM32CubeIDE_1.19.0/STM32CubeIDE/plugins/com.st.stm32cube.ide.mcu.externaltools.gnu-tools-for-stm32.13.3.rel1.win32_1.0.0.202411081344/tools/bin/../lib/gcc/arm-none-eabi/13.3.1/../../../../arm-none-eabi/lib/thumb/v7e-m+fp/hard\libc_nano.a
LOAD D:/Programs/STM32CubeIDE_1.19.0/STM32CubeIDE/plugins/com.st.stm32cube.ide.mcu.externaltools.gnu-tools-for-stm32.13.3.rel1.win32_1.0.0.202411081344/tools/bin/../lib/gcc/arm-none-eabi/13.3.1/../../../../arm-none-eabi/lib/thumb/v7e-m+fp/hard\libm.a
END GROUP
START GROUP
LOAD D:/Programs/STM32CubeIDE_1.19.0/STM32CubeIDE/plugins/com.st.stm32cube.ide.mcu.externaltools.gnu-tools-for-stm32.13.3.rel1.win32_1.0.0.202411081344/tools/bin/../lib/gcc/arm-none-eabi/13.3.1/thumb/v7e-m+fp/hard\libgcc.a
LOAD D:/Programs/STM32CubeIDE_1.19.0/STM32CubeIDE/plugins/com.st.stm32cube.ide.mcu.externaltools.gnu-tools-for-stm32.13.3.rel1.win32_1.0.0.202411081344/tools/bin/../lib/gcc/arm-none-eabi/13.3.1/../../../../arm-none-eabi/lib/thumb/v7e-m+fp/hard\libc_nano.a
END GROUP
START GROUP
LOAD D:/Programs/STM32CubeIDE_1.19.0/STM32CubeIDE/plugins/com.st.stm32cube.ide.mcu.externaltools.gnu-tools-for-stm32.13.3.rel1.win32_1.0.0.202411081344/tools/bin/../lib/gcc/arm-none-eabi/13.3.1/thumb/v7e-m+fp/hard\libgcc.a
LOAD D:/Programs/STM32CubeIDE_1.19.0/STM32CubeIDE/plugins/com.st.stm32cube.ide.mcu.externaltools.gnu-tools-for-stm32.13.3.rel1.win32_1.0.0.202411081344/tools/bin/../lib/gcc/arm-none-eabi/13.3.1/../../../../arm-none-eabi/lib/thumb/v7e-m+fp/hard\libc_nano.a
LOAD D:/Programs/STM32CubeIDE_1.19.0/STM32CubeIDE/plugins/com.st.stm32cube.ide.mcu.externaltools.gnu-tools-for-stm32.13.3.rel1.win32_1.0.0.202411081344/tools/bin/../lib/gcc/arm-none-eabi/13.3.1/../../../../arm-none-eabi/lib/thumb/v7e-m+fp/hard\libnosys.a
END GROUP
START GROUP
LOAD D:/Programs/STM32CubeIDE_1.19.0/STM32CubeIDE/plugins/com.st.stm32cube.ide.mcu.externaltools.gnu-tools-for-stm32.13.3.rel1.win32_1.0.0.202411081344/tools/bin/../lib/gcc/arm-none-eabi/13.3.1/thumb/v7e-m+fp/hard\libgcc.a
LOAD D:/Programs/STM32CubeIDE_1.19.0/STM32CubeIDE/plugins/com.st.stm32cube.ide.mcu.externaltools.gnu-tools-for-stm32.13.3.rel1.win32_1.0.0.202411081344/tools/bin/../lib/gcc/arm-none-eabi/13.3.1/../../../../arm-none-eabi/lib/thumb/v7e-m+fp/hard\libc_nano.a
LOAD D:/Programs/STM32CubeIDE_1.19.0/STM32CubeIDE/plugins/com.st.stm32cube.ide.mcu.externaltools.gnu-tools-for-stm32.13.3.rel1.win32_1.0.0.202411081344/tools/bin/../lib/gcc/arm-none-eabi/13.3.1/../../../../arm-none-eabi/lib/thumb/v7e-m+fp/hard\libnosys.a
END GROUP
LOAD D:/Programs/STM32CubeIDE_1.19.0/STM32CubeIDE/plugins/com.st.stm32cube.ide.mcu.externaltools.gnu-tools-for-stm32.13.3.rel1.win32_1.0.0.202411081344/tools/bin/../lib/gcc/arm-none-eabi/13.3.1/thumb/v7e-m+fp/hard/crtend.o
LOAD D:/Programs/STM32CubeIDE_1.19.0/STM32CubeIDE/plugins/com.st.stm32cube.ide.mcu.externaltools.gnu-tools-for-stm32.13.3.rel1.win32_1.0.0.202411081344/tools/bin/../lib/gcc/arm-none-eabi/13.3.1/thumb/v7e-m+fp/hard/crtn.o
                0x20008000                        _estack = (ORIGIN (RAM) + LENGTH (RAM))
                0x00001000                        _Min_Heap_Size = 0x1000
                0x00001000                        _Min_Stack_Size = 0x1000

.isr_vector     0x08000000      0x1d8
                0x08000000                        . = ALIGN (0x4)
 *(.isr_vector)
 .isr_vector    0x08000000      0x1d8 ./Core/Startup/startup_stm32g431rbtx.o
                0x08000000                g_pfnVectors
                0x080001d8                        . = ALIGN (0x4)

.text           0x080001d8     0x6e00
                0x080001d8                        . = ALIGN (0x4)
 *(.text)
 .text          0x080001d8       0x40 D:/Programs/STM32CubeIDE_1.19.0/STM32CubeIDE/plugins/com.st.stm32cube.ide.mcu.externaltools.gnu-tools-for-stm32.13.3.rel1.win32_1.0.0.202411081344/tools/bin/../lib/gcc/arm-none-eabi/13.3.1/thumb/v7e-m+fp/hard/crtbegin.o
 *(.text*)
 .text.MX_GPIO_Init
                0x08000218       0x48 ./Core/Src/gpio.o
                0x08000218                MX_GPIO_Init
 .text.main     0x08000260       0x1c ./Core/Src/main.o
                0x08000260                main
 .text.SystemClock_Config
                0x0800027c       0x9a ./Core/Src/main.o
                0x0800027c                SystemClock_Config
 .text.Error_Handler
                0x08000316        0xc ./Core/Src/main.o
                0x08000316                Error_Handler
 *fill*         0x08000322        0x2 
 .text.HAL_MspInit
                0x08000324       0x48 ./Core/Src/stm32g4xx_hal_msp.o
                0x08000324                HAL_MspInit
 .text.NMI_Handler
                0x0800036c        0x8 ./Core/Src/stm32g4xx_it.o
                0x0800036c                NMI_Handler
 .text.HardFault_Handler
                0x08000374        0x8 ./Core/Src/stm32g4xx_it.o
                0x08000374                HardFault_Handler
 .text.MemManage_Handler
                0x0800037c        0x8 ./Core/Src/stm32g4xx_it.o
                0x0800037c                MemManage_Handler
 .text.BusFault_Handler
                0x08000384        0x8 ./Core/Src/stm32g4xx_it.o
                0x08000384                BusFault_Handler
 .text.UsageFault_Handler
                0x0800038c        0x8 ./Core/Src/stm32g4xx_it.o
                0x0800038c                UsageFault_Handler
 .text.SVC_Handler
                0x08000394        0xe ./Core/Src/stm32g4xx_it.o
                0x08000394                SVC_Handler
 .text.DebugMon_Handler
                0x080003a2        0xe ./Core/Src/stm32g4xx_it.o
                0x080003a2                DebugMon_Handler
 .text.PendSV_Handler
                0x080003b0        0xe ./Core/Src/stm32g4xx_it.o
                0x080003b0                PendSV_Handler
 .text.SysTick_Handler
                0x080003be        0xc ./Core/Src/stm32g4xx_it.o
                0x080003be                SysTick_Handler
 *fill*         0x080003ca        0x2 
 .text.USB_LP_IRQHandler
                0x080003cc       0x14 ./Core/Src/stm32g4xx_it.o
                0x080003cc                USB_LP_IRQHandler
 .text.SystemInit
                0x080003e0       0x24 ./Core/Src/system_stm32g4xx.o
                0x080003e0                SystemInit
 .text.MX_USB_PCD_Init
                0x08000404       0x50 ./Core/Src/usb.o
                0x08000404                MX_USB_PCD_Init
 .text.HAL_PCD_MspInit
                0x08000454       0x78 ./Core/Src/usb.o
                0x08000454                HAL_PCD_MspInit
 .text.Reset_Handler
                0x080004cc       0x50 ./Core/Startup/startup_stm32g431rbtx.o
                0x080004cc                Reset_Handler
 .text.Default_Handler
                0x0800051c        0x2 ./Core/Startup/startup_stm32g431rbtx.o
                0x0800051c                RTC_Alarm_IRQHandler
                0x0800051c                EXTI2_IRQHandler
                0x0800051c                TIM8_TRG_COM_IRQHandler
                0x0800051c                TIM8_CC_IRQHandler
                0x0800051c                TIM1_CC_IRQHandler
                0x0800051c                USB_HP_IRQHandler
                0x0800051c                CORDIC_IRQHandler
                0x0800051c                EXTI3_IRQHandler
                0x0800051c                I2C3_ER_IRQHandler
                0x0800051c                EXTI0_IRQHandler
                0x0800051c                I2C2_EV_IRQHandler
                0x0800051c                FPU_IRQHandler
                0x0800051c                FDCAN1_IT1_IRQHandler
                0x0800051c                TIM1_UP_TIM16_IRQHandler
                0x0800051c                ADC1_2_IRQHandler
                0x0800051c                SPI1_IRQHandler
                0x0800051c                TIM6_DAC_IRQHandler
                0x0800051c                TIM8_UP_IRQHandler
                0x0800051c                DMA2_Channel2_IRQHandler
                0x0800051c                DMA1_Channel4_IRQHandler
                0x0800051c                USART3_IRQHandler
                0x0800051c                TIM4_IRQHandler
                0x0800051c                DMA2_Channel1_IRQHandler
                0x0800051c                I2C1_EV_IRQHandler
                0x0800051c                DMA1_Channel6_IRQHandler
                0x0800051c                UART4_IRQHandler
                0x0800051c                DMA2_Channel4_IRQHandler
                0x0800051c                TIM3_IRQHandler
                0x0800051c                RCC_IRQHandler
                0x0800051c                DMA1_Channel1_IRQHandler
                0x0800051c                Default_Handler
                0x0800051c                RTC_TAMP_LSECSS_IRQHandler
                0x0800051c                FMAC_IRQHandler
                0x0800051c                EXTI15_10_IRQHandler
                0x0800051c                TIM7_IRQHandler
                0x0800051c                UCPD1_IRQHandler
                0x0800051c                I2C3_EV_IRQHandler
                0x0800051c                EXTI9_5_IRQHandler
                0x0800051c                RTC_WKUP_IRQHandler
                0x0800051c                PVD_PVM_IRQHandler
                0x0800051c                SPI2_IRQHandler
                0x0800051c                DMA2_Channel5_IRQHandler
                0x0800051c                CRS_IRQHandler
                0x0800051c                DMA1_Channel5_IRQHandler
                0x0800051c                EXTI4_IRQHandler
                0x0800051c                RNG_IRQHandler
                0x0800051c                TIM1_TRG_COM_TIM17_IRQHandler
                0x0800051c                DMA1_Channel3_IRQHandler
                0x0800051c                WWDG_IRQHandler
                0x0800051c                LPUART1_IRQHandler
                0x0800051c                DMA2_Channel6_IRQHandler
                0x0800051c                FDCAN1_IT0_IRQHandler
                0x0800051c                TIM2_IRQHandler
                0x0800051c                COMP1_2_3_IRQHandler
                0x0800051c                EXTI1_IRQHandler
                0x0800051c                USART2_IRQHandler
                0x0800051c                I2C2_ER_IRQHandler
                0x0800051c                DMA1_Channel2_IRQHandler
                0x0800051c                TIM8_BRK_IRQHandler
                0x0800051c                FLASH_IRQHandler
                0x0800051c                USART1_IRQHandler
                0x0800051c                SPI3_IRQHandler
                0x0800051c                I2C1_ER_IRQHandler
                0x0800051c                LPTIM1_IRQHandler
                0x0800051c                DMAMUX_OVR_IRQHandler
                0x0800051c                USBWakeUp_IRQHandler
                0x0800051c                SAI1_IRQHandler
                0x0800051c                DMA2_Channel3_IRQHandler
                0x0800051c                COMP4_IRQHandler
                0x0800051c                TIM1_BRK_TIM15_IRQHandler
 .text.HAL_Init
                0x0800051e       0x30 ./Drivers/STM32G4xx_HAL_Driver/Src/stm32g4xx_hal.o
                0x0800051e                HAL_Init
 *fill*         0x0800054e        0x2 
 .text.HAL_InitTick
                0x08000550       0x74 ./Drivers/STM32G4xx_HAL_Driver/Src/stm32g4xx_hal.o
                0x08000550                HAL_InitTick
 .text.HAL_IncTick
                0x080005c4       0x24 ./Drivers/STM32G4xx_HAL_Driver/Src/stm32g4xx_hal.o
                0x080005c4                HAL_IncTick
 .text.HAL_GetTick
                0x080005e8       0x18 ./Drivers/STM32G4xx_HAL_Driver/Src/stm32g4xx_hal.o
                0x080005e8                HAL_GetTick
 .text.__NVIC_SetPriorityGrouping
                0x08000600       0x48 ./Drivers/STM32G4xx_HAL_Driver/Src/stm32g4xx_hal_cortex.o
 .text.__NVIC_GetPriorityGrouping
                0x08000648       0x1c ./Drivers/STM32G4xx_HAL_Driver/Src/stm32g4xx_hal_cortex.o
 .text.__NVIC_EnableIRQ
                0x08000664       0x3c ./Drivers/STM32G4xx_HAL_Driver/Src/stm32g4xx_hal_cortex.o
 .text.__NVIC_SetPriority
                0x080006a0       0x54 ./Drivers/STM32G4xx_HAL_Driver/Src/stm32g4xx_hal_cortex.o
 .text.NVIC_EncodePriority
                0x080006f4       0x66 ./Drivers/STM32G4xx_HAL_Driver/Src/stm32g4xx_hal_cortex.o
 *fill*         0x0800075a        0x2 
 .text.SysTick_Config
                0x0800075c       0x44 ./Drivers/STM32G4xx_HAL_Driver/Src/stm32g4xx_hal_cortex.o
 .text.HAL_NVIC_SetPriorityGrouping
                0x080007a0       0x16 ./Drivers/STM32G4xx_HAL_Driver/Src/stm32g4xx_hal_cortex.o
                0x080007a0                HAL_NVIC_SetPriorityGrouping
 .text.HAL_NVIC_SetPriority
                0x080007b6       0x34 ./Drivers/STM32G4xx_HAL_Driver/Src/stm32g4xx_hal_cortex.o
                0x080007b6                HAL_NVIC_SetPriority
 .text.HAL_NVIC_EnableIRQ
                0x080007ea       0x1c ./Drivers/STM32G4xx_HAL_Driver/Src/stm32g4xx_hal_cortex.o
                0x080007ea                HAL_NVIC_EnableIRQ
 .text.HAL_SYSTICK_Config
                0x08000806       0x18 ./Drivers/STM32G4xx_HAL_Driver/Src/stm32g4xx_hal_cortex.o
                0x08000806                HAL_SYSTICK_Config
 .text.HAL_PCD_Init
                0x0800081e      0x19c ./Drivers/STM32G4xx_HAL_Driver/Src/stm32g4xx_hal_pcd.o
                0x0800081e                HAL_PCD_Init
 .text.HAL_PCD_Start
                0x080009ba       0x44 ./Drivers/STM32G4xx_HAL_Driver/Src/stm32g4xx_hal_pcd.o
                0x080009ba                HAL_PCD_Start
 .text.HAL_PCD_IRQHandler
                0x080009fe      0x24e ./Drivers/STM32G4xx_HAL_Driver/Src/stm32g4xx_hal_pcd.o
                0x080009fe                HAL_PCD_IRQHandler
 .text.HAL_PCD_SetAddress
                0x08000c4c       0x48 ./Drivers/STM32G4xx_HAL_Driver/Src/stm32g4xx_hal_pcd.o
                0x08000c4c                HAL_PCD_SetAddress
 .text.HAL_PCD_EP_Open
                0x08000c94       0xbe ./Drivers/STM32G4xx_HAL_Driver/Src/stm32g4xx_hal_pcd.o
                0x08000c94                HAL_PCD_EP_Open
 .text.HAL_PCD_EP_Close
                0x08000d52       0x90 ./Drivers/STM32G4xx_HAL_Driver/Src/stm32g4xx_hal_pcd.o
                0x08000d52                HAL_PCD_EP_Close
 .text.HAL_PCD_EP_Receive
                0x08000de2       0x62 ./Drivers/STM32G4xx_HAL_Driver/Src/stm32g4xx_hal_pcd.o
                0x08000de2                HAL_PCD_EP_Receive
 .text.HAL_PCD_EP_Transmit
                0x08000e44       0x6e ./Drivers/STM32G4xx_HAL_Driver/Src/stm32g4xx_hal_pcd.o
                0x08000e44                HAL_PCD_EP_Transmit
 .text.HAL_PCD_EP_SetStall
                0x08000eb2       0xa4 ./Drivers/STM32G4xx_HAL_Driver/Src/stm32g4xx_hal_pcd.o
                0x08000eb2                HAL_PCD_EP_SetStall
 .text.HAL_PCD_EP_ClrStall
                0x08000f56       0xa8 ./Drivers/STM32G4xx_HAL_Driver/Src/stm32g4xx_hal_pcd.o
                0x08000f56                HAL_PCD_EP_ClrStall
 .text.PCD_EP_ISR_Handler
                0x08000ffe      0x71c ./Drivers/STM32G4xx_HAL_Driver/Src/stm32g4xx_hal_pcd.o
 .text.HAL_PCD_EP_DB_Receive
                0x0800171a      0x212 ./Drivers/STM32G4xx_HAL_Driver/Src/stm32g4xx_hal_pcd.o
 .text.HAL_PCD_EP_DB_Transmit
                0x0800192c      0x878 ./Drivers/STM32G4xx_HAL_Driver/Src/stm32g4xx_hal_pcd.o
 .text.HAL_PCDEx_PMAConfig
                0x080021a4       0x86 ./Drivers/STM32G4xx_HAL_Driver/Src/stm32g4xx_hal_pcd_ex.o
                0x080021a4                HAL_PCDEx_PMAConfig
 .text.HAL_PCDEx_ActivateLPM
                0x0800222a       0x54 ./Drivers/STM32G4xx_HAL_Driver/Src/stm32g4xx_hal_pcd_ex.o
                0x0800222a                HAL_PCDEx_ActivateLPM
 .text.HAL_PCDEx_LPM_Callback
                0x0800227e       0x18 ./Drivers/STM32G4xx_HAL_Driver/Src/stm32g4xx_hal_pcd_ex.o
                0x0800227e                HAL_PCDEx_LPM_Callback
 *fill*         0x08002296        0x2 
 .text.HAL_PWREx_ControlVoltageScaling
                0x08002298      0x148 ./Drivers/STM32G4xx_HAL_Driver/Src/stm32g4xx_hal_pwr_ex.o
                0x08002298                HAL_PWREx_ControlVoltageScaling
 .text.HAL_PWREx_DisableUCPDDeadBattery
                0x080023e0       0x20 ./Drivers/STM32G4xx_HAL_Driver/Src/stm32g4xx_hal_pwr_ex.o
                0x080023e0                HAL_PWREx_DisableUCPDDeadBattery
 .text.HAL_RCC_OscConfig
                0x08002400      0x624 ./Drivers/STM32G4xx_HAL_Driver/Src/stm32g4xx_hal_rcc.o
                0x08002400                HAL_RCC_OscConfig
 .text.HAL_RCC_ClockConfig
                0x08002a24      0x278 ./Drivers/STM32G4xx_HAL_Driver/Src/stm32g4xx_hal_rcc.o
                0x08002a24                HAL_RCC_ClockConfig
 .text.HAL_RCC_GetSysClockFreq
                0x08002c9c       0xc4 ./Drivers/STM32G4xx_HAL_Driver/Src/stm32g4xx_hal_rcc.o
                0x08002c9c                HAL_RCC_GetSysClockFreq
 .text.RCC_GetSysClockFreqFromPLLSource
                0x08002d60       0x8c ./Drivers/STM32G4xx_HAL_Driver/Src/stm32g4xx_hal_rcc.o
 .text.HAL_RCCEx_PeriphCLKConfig
                0x08002dec      0x3e0 ./Drivers/STM32G4xx_HAL_Driver/Src/stm32g4xx_hal_rcc_ex.o
                0x08002dec                HAL_RCCEx_PeriphCLKConfig
 .text.USB_EnableGlobalInt
                0x080031cc       0x2e ./Drivers/STM32G4xx_HAL_Driver/Src/stm32g4xx_ll_usb.o
                0x080031cc                USB_EnableGlobalInt
 .text.USB_DisableGlobalInt
                0x080031fa       0x36 ./Drivers/STM32G4xx_HAL_Driver/Src/stm32g4xx_ll_usb.o
                0x080031fa                USB_DisableGlobalInt
 .text.USB_DevInit
                0x08003230       0x3c ./Drivers/STM32G4xx_HAL_Driver/Src/stm32g4xx_ll_usb.o
                0x08003230                USB_DevInit
 .text.USB_ActivateEndpoint
                0x0800326c      0x9d0 ./Drivers/STM32G4xx_HAL_Driver/Src/stm32g4xx_ll_usb.o
                0x0800326c                USB_ActivateEndpoint
 .text.USB_DeactivateEndpoint
                0x08003c3c      0x3da ./Drivers/STM32G4xx_HAL_Driver/Src/stm32g4xx_ll_usb.o
                0x08003c3c                USB_DeactivateEndpoint
 .text.USB_EPStartXfer
                0x08004016      0xb5e ./Drivers/STM32G4xx_HAL_Driver/Src/stm32g4xx_ll_usb.o
                0x08004016                USB_EPStartXfer
 .text.USB_EPSetStall
                0x08004b74       0xa2 ./Drivers/STM32G4xx_HAL_Driver/Src/stm32g4xx_ll_usb.o
                0x08004b74                USB_EPSetStall
 .text.USB_EPClearStall
                0x08004c16      0x152 ./Drivers/STM32G4xx_HAL_Driver/Src/stm32g4xx_ll_usb.o
                0x08004c16                USB_EPClearStall
 .text.USB_SetDevAddress
                0x08004d68       0x28 ./Drivers/STM32G4xx_HAL_Driver/Src/stm32g4xx_ll_usb.o
                0x08004d68                USB_SetDevAddress
 .text.USB_DevConnect
                0x08004d90       0x2e ./Drivers/STM32G4xx_HAL_Driver/Src/stm32g4xx_ll_usb.o
                0x08004d90                USB_DevConnect
 .text.USB_ReadInterrupts
                0x08004dbe       0x20 ./Drivers/STM32G4xx_HAL_Driver/Src/stm32g4xx_ll_usb.o
                0x08004dbe                USB_ReadInterrupts
 .text.USB_WritePMA
                0x08004dde       0x86 ./Drivers/STM32G4xx_HAL_Driver/Src/stm32g4xx_ll_usb.o
                0x08004dde                USB_WritePMA
 .text.USB_ReadPMA
                0x08004e64       0x98 ./Drivers/STM32G4xx_HAL_Driver/Src/stm32g4xx_ll_usb.o
                0x08004e64                USB_ReadPMA
 .text.MX_USB_DEVICE_Init
                0x08004efc       0x50 ./Middlewares/Third_Party/AL94_USB_Composite/COMPOSITE/App/usb_device.o
                0x08004efc                MX_USB_DEVICE_Init
 .text.USBD_DeviceDescriptor
                0x08004f4c       0x24 ./Middlewares/Third_Party/AL94_USB_Composite/COMPOSITE/App/usbd_desc.o
                0x08004f4c                USBD_DeviceDescriptor
 .text.USBD_LangIDStrDescriptor
                0x08004f70       0x24 ./Middlewares/Third_Party/AL94_USB_Composite/COMPOSITE/App/usbd_desc.o
                0x08004f70                USBD_LangIDStrDescriptor
 .text.USBD_ProductStrDescriptor
                0x08004f94       0x3c ./Middlewares/Third_Party/AL94_USB_Composite/COMPOSITE/App/usbd_desc.o
                0x08004f94                USBD_ProductStrDescriptor
 .text.USBD_ManufacturerStrDescriptor
                0x08004fd0       0x28 ./Middlewares/Third_Party/AL94_USB_Composite/COMPOSITE/App/usbd_desc.o
                0x08004fd0                USBD_ManufacturerStrDescriptor
 .text.USBD_SerialStrDescriptor
                0x08004ff8       0x24 ./Middlewares/Third_Party/AL94_USB_Composite/COMPOSITE/App/usbd_desc.o
                0x08004ff8                USBD_SerialStrDescriptor
 .text.USBD_ConfigStrDescriptor
                0x0800501c       0x3c ./Middlewares/Third_Party/AL94_USB_Composite/COMPOSITE/App/usbd_desc.o
                0x0800501c                USBD_ConfigStrDescriptor
 .text.USBD_InterfaceStrDescriptor
                0x08005058       0x3c ./Middlewares/Third_Party/AL94_USB_Composite/COMPOSITE/App/usbd_desc.o
                0x08005058                USBD_InterfaceStrDescriptor
 .text.Get_SerialNum
                0x08005094       0x58 ./Middlewares/Third_Party/AL94_USB_Composite/COMPOSITE/App/usbd_desc.o
 .text.IntToUnicode
                0x080050ec       0x7e ./Middlewares/Third_Party/AL94_USB_Composite/COMPOSITE/App/usbd_desc.o
 *fill*         0x0800516a        0x2 
 .text.USBD_COMPOSITE_Init
                0x0800516c       0x28 ./Middlewares/Third_Party/AL94_USB_Composite/COMPOSITE/Class/COMPOSITE/Src/usbd_composite.o
 .text.USBD_COMPOSITE_DeInit
                0x08005194       0x28 ./Middlewares/Third_Party/AL94_USB_Composite/COMPOSITE/Class/COMPOSITE/Src/usbd_composite.o
 .text.USBD_COMPOSITE_Setup
                0x080051bc       0x38 ./Middlewares/Third_Party/AL94_USB_Composite/COMPOSITE/Class/COMPOSITE/Src/usbd_composite.o
 .text.USBD_COMPOSITE_DataIn
                0x080051f4       0x3c ./Middlewares/Third_Party/AL94_USB_Composite/COMPOSITE/Class/COMPOSITE/Src/usbd_composite.o
 .text.USBD_COMPOSITE_EP0_RxReady
                0x08005230       0x16 ./Middlewares/Third_Party/AL94_USB_Composite/COMPOSITE/Class/COMPOSITE/Src/usbd_composite.o
 .text.USBD_COMPOSITE_EP0_TxReady
                0x08005246       0x16 ./Middlewares/Third_Party/AL94_USB_Composite/COMPOSITE/Class/COMPOSITE/Src/usbd_composite.o
 .text.USBD_COMPOSITE_SOF
                0x0800525c       0x16 ./Middlewares/Third_Party/AL94_USB_Composite/COMPOSITE/Class/COMPOSITE/Src/usbd_composite.o
 .text.USBD_COMPOSITE_IsoINIncomplete
                0x08005272       0x1a ./Middlewares/Third_Party/AL94_USB_Composite/COMPOSITE/Class/COMPOSITE/Src/usbd_composite.o
 .text.USBD_COMPOSITE_IsoOutIncomplete
                0x0800528c       0x1a ./Middlewares/Third_Party/AL94_USB_Composite/COMPOSITE/Class/COMPOSITE/Src/usbd_composite.o
 .text.USBD_COMPOSITE_DataOut
                0x080052a6       0x1a ./Middlewares/Third_Party/AL94_USB_Composite/COMPOSITE/Class/COMPOSITE/Src/usbd_composite.o
 .text.USBD_COMPOSITE_GetHSCfgDesc
                0x080052c0       0x20 ./Middlewares/Third_Party/AL94_USB_Composite/COMPOSITE/Class/COMPOSITE/Src/usbd_composite.o
 .text.USBD_COMPOSITE_GetFSCfgDesc
                0x080052e0       0x20 ./Middlewares/Third_Party/AL94_USB_Composite/COMPOSITE/Class/COMPOSITE/Src/usbd_composite.o
 .text.USBD_COMPOSITE_GetOtherSpeedCfgDesc
                0x08005300       0x20 ./Middlewares/Third_Party/AL94_USB_Composite/COMPOSITE/Class/COMPOSITE/Src/usbd_composite.o
 .text.USBD_COMPOSITE_GetDeviceQualifierDesc
                0x08005320       0x20 ./Middlewares/Third_Party/AL94_USB_Composite/COMPOSITE/Class/COMPOSITE/Src/usbd_composite.o
 .text.USBD_COMPOSITE_GetUsrStringDesc
                0x08005340       0x4c ./Middlewares/Third_Party/AL94_USB_Composite/COMPOSITE/Class/COMPOSITE/Src/usbd_composite.o
 .text.USBD_COMPOSITE_Mount_Class
                0x0800538c      0x150 ./Middlewares/Third_Party/AL94_USB_Composite/COMPOSITE/Class/COMPOSITE/Src/usbd_composite.o
                0x0800538c                USBD_COMPOSITE_Mount_Class
 .text.USBD_HID_Init
                0x080054dc       0xa8 ./Middlewares/Third_Party/AL94_USB_Composite/COMPOSITE/Class/HID_KEYBOARD/Src/usbd_hid_keyboard.o
 .text.USBD_HID_DeInit
                0x08005584       0x6c ./Middlewares/Third_Party/AL94_USB_Composite/COMPOSITE/Class/HID_KEYBOARD/Src/usbd_hid_keyboard.o
 .text.USBD_HID_Setup
                0x080055f0      0x208 ./Middlewares/Third_Party/AL94_USB_Composite/COMPOSITE/Class/HID_KEYBOARD/Src/usbd_hid_keyboard.o
 .text.USBD_HID_GetFSCfgDesc
                0x080057f8       0x20 ./Middlewares/Third_Party/AL94_USB_Composite/COMPOSITE/Class/HID_KEYBOARD/Src/usbd_hid_keyboard.o
 .text.USBD_HID_GetHSCfgDesc
                0x08005818       0x20 ./Middlewares/Third_Party/AL94_USB_Composite/COMPOSITE/Class/HID_KEYBOARD/Src/usbd_hid_keyboard.o
 .text.USBD_HID_GetOtherSpeedCfgDesc
                0x08005838       0x20 ./Middlewares/Third_Party/AL94_USB_Composite/COMPOSITE/Class/HID_KEYBOARD/Src/usbd_hid_keyboard.o
 .text.USBD_HID_DataIn
                0x08005858       0x24 ./Middlewares/Third_Party/AL94_USB_Composite/COMPOSITE/Class/HID_KEYBOARD/Src/usbd_hid_keyboard.o
 .text.USBD_HID_GetDeviceQualifierDesc
                0x0800587c       0x20 ./Middlewares/Third_Party/AL94_USB_Composite/COMPOSITE/Class/HID_KEYBOARD/Src/usbd_hid_keyboard.o
 .text.USBD_Update_HID_KBD_DESC
                0x0800589c       0x5c ./Middlewares/Third_Party/AL94_USB_Composite/COMPOSITE/Class/HID_KEYBOARD/Src/usbd_hid_keyboard.o
                0x0800589c                USBD_Update_HID_KBD_DESC
 .text.USBD_Init
                0x080058f8       0x58 ./Middlewares/Third_Party/AL94_USB_Composite/COMPOSITE/Core/Src/usbd_core.o
                0x080058f8                USBD_Init
 .text.USBD_RegisterClass
                0x08005950       0x7c ./Middlewares/Third_Party/AL94_USB_Composite/COMPOSITE/Core/Src/usbd_core.o
                0x08005950                USBD_RegisterClass
 .text.USBD_Start
                0x080059cc       0x18 ./Middlewares/Third_Party/AL94_USB_Composite/COMPOSITE/Core/Src/usbd_core.o
                0x080059cc                USBD_Start
 .text.USBD_RunTestMode
                0x080059e4       0x16 ./Middlewares/Third_Party/AL94_USB_Composite/COMPOSITE/Core/Src/usbd_core.o
                0x080059e4                USBD_RunTestMode
 .text.USBD_SetClassConfig
                0x080059fa       0x38 ./Middlewares/Third_Party/AL94_USB_Composite/COMPOSITE/Core/Src/usbd_core.o
                0x080059fa                USBD_SetClassConfig
 .text.USBD_ClrClassConfig
                0x08005a32       0x30 ./Middlewares/Third_Party/AL94_USB_Composite/COMPOSITE/Core/Src/usbd_core.o
                0x08005a32                USBD_ClrClassConfig
 .text.USBD_LL_SetupStage
                0x08005a62       0xaa ./Middlewares/Third_Party/AL94_USB_Composite/COMPOSITE/Core/Src/usbd_core.o
                0x08005a62                USBD_LL_SetupStage
 .text.USBD_LL_DataOutStage
                0x08005b0c       0xc6 ./Middlewares/Third_Party/AL94_USB_Composite/COMPOSITE/Core/Src/usbd_core.o
                0x08005b0c                USBD_LL_DataOutStage
 .text.USBD_LL_DataInStage
                0x08005bd2      0x12c ./Middlewares/Third_Party/AL94_USB_Composite/COMPOSITE/Core/Src/usbd_core.o
                0x08005bd2                USBD_LL_DataInStage
 .text.USBD_LL_Reset
                0x08005cfe       0x92 ./Middlewares/Third_Party/AL94_USB_Composite/COMPOSITE/Core/Src/usbd_core.o
                0x08005cfe                USBD_LL_Reset
 .text.USBD_LL_SetSpeed
                0x08005d90       0x20 ./Middlewares/Third_Party/AL94_USB_Composite/COMPOSITE/Core/Src/usbd_core.o
                0x08005d90                USBD_LL_SetSpeed
 .text.USBD_LL_Suspend
                0x08005db0       0x2c ./Middlewares/Third_Party/AL94_USB_Composite/COMPOSITE/Core/Src/usbd_core.o
                0x08005db0                USBD_LL_Suspend
 .text.USBD_LL_Resume
                0x08005ddc       0x30 ./Middlewares/Third_Party/AL94_USB_Composite/COMPOSITE/Core/Src/usbd_core.o
                0x08005ddc                USBD_LL_Resume
 .text.USBD_LL_SOF
                0x08005e0c       0x44 ./Middlewares/Third_Party/AL94_USB_Composite/COMPOSITE/Core/Src/usbd_core.o
                0x08005e0c                USBD_LL_SOF
 .text.SWAPBYTE
                0x08005e50       0x3e ./Middlewares/Third_Party/AL94_USB_Composite/COMPOSITE/Core/Src/usbd_ctlreq.o
 *fill*         0x08005e8e        0x2 
 .text.USBD_StdDevReq
                0x08005e90       0xdc ./Middlewares/Third_Party/AL94_USB_Composite/COMPOSITE/Core/Src/usbd_ctlreq.o
                0x08005e90                USBD_StdDevReq
 .text.USBD_StdItfReq
                0x08005f6c       0x92 ./Middlewares/Third_Party/AL94_USB_Composite/COMPOSITE/Core/Src/usbd_ctlreq.o
                0x08005f6c                USBD_StdItfReq
 .text.USBD_StdEPReq
                0x08005ffe      0x2c4 ./Middlewares/Third_Party/AL94_USB_Composite/COMPOSITE/Core/Src/usbd_ctlreq.o
                0x08005ffe                USBD_StdEPReq
 *fill*         0x080062c2        0x2 
 .text.USBD_GetDescriptor
                0x080062c4      0x2f8 ./Middlewares/Third_Party/AL94_USB_Composite/COMPOSITE/Core/Src/usbd_ctlreq.o
 .text.USBD_SetAddress
                0x080065bc       0x88 ./Middlewares/Third_Party/AL94_USB_Composite/COMPOSITE/Core/Src/usbd_ctlreq.o
 .text.USBD_SetConfig
                0x08006644      0x14c ./Middlewares/Third_Party/AL94_USB_Composite/COMPOSITE/Core/Src/usbd_ctlreq.o
 .text.USBD_GetConfig
                0x08006790       0x6c ./Middlewares/Third_Party/AL94_USB_Composite/COMPOSITE/Core/Src/usbd_ctlreq.o
 .text.USBD_GetStatus
                0x080067fc       0x68 ./Middlewares/Third_Party/AL94_USB_Composite/COMPOSITE/Core/Src/usbd_ctlreq.o
 .text.USBD_SetFeature
                0x08006864       0x28 ./Middlewares/Third_Party/AL94_USB_Composite/COMPOSITE/Core/Src/usbd_ctlreq.o
 .text.USBD_ClrFeature
                0x0800688c       0x44 ./Middlewares/Third_Party/AL94_USB_Composite/COMPOSITE/Core/Src/usbd_ctlreq.o
 .text.USBD_ParseSetupRequest
                0x080068d0       0x74 ./Middlewares/Third_Party/AL94_USB_Composite/COMPOSITE/Core/Src/usbd_ctlreq.o
                0x080068d0                USBD_ParseSetupRequest
 .text.USBD_CtlError
                0x08006944       0x22 ./Middlewares/Third_Party/AL94_USB_Composite/COMPOSITE/Core/Src/usbd_ctlreq.o
                0x08006944                USBD_CtlError
 .text.USBD_GetString
                0x08006966       0x8c ./Middlewares/Third_Party/AL94_USB_Composite/COMPOSITE/Core/Src/usbd_ctlreq.o
                0x08006966                USBD_GetString
 .text.USBD_GetLen
                0x080069f2       0x34 ./Middlewares/Third_Party/AL94_USB_Composite/COMPOSITE/Core/Src/usbd_ctlreq.o
 .text.USBD_CtlSendData
                0x08006a26       0x36 ./Middlewares/Third_Party/AL94_USB_Composite/COMPOSITE/Core/Src/usbd_ioreq.o
                0x08006a26                USBD_CtlSendData
 .text.USBD_CtlContinueSendData
                0x08006a5c       0x22 ./Middlewares/Third_Party/AL94_USB_Composite/COMPOSITE/Core/Src/usbd_ioreq.o
                0x08006a5c                USBD_CtlContinueSendData
 .text.USBD_CtlContinueRx
                0x08006a7e       0x22 ./Middlewares/Third_Party/AL94_USB_Composite/COMPOSITE/Core/Src/usbd_ioreq.o
                0x08006a7e                USBD_CtlContinueRx
 .text.USBD_CtlSendStatus
                0x08006aa0       0x26 ./Middlewares/Third_Party/AL94_USB_Composite/COMPOSITE/Core/Src/usbd_ioreq.o
                0x08006aa0                USBD_CtlSendStatus
 .text.USBD_CtlReceiveStatus
                0x08006ac6       0x26 ./Middlewares/Third_Party/AL94_USB_Composite/COMPOSITE/Core/Src/usbd_ioreq.o
                0x08006ac6                USBD_CtlReceiveStatus
 .text.HAL_PCD_SetupStageCallback
                0x08006aec       0x24 ./Middlewares/Third_Party/AL94_USB_Composite/COMPOSITE/Target/usbd_conf.o
                0x08006aec                HAL_PCD_SetupStageCallback
 .text.HAL_PCD_DataOutStageCallback
                0x08006b10       0x36 ./Middlewares/Third_Party/AL94_USB_Composite/COMPOSITE/Target/usbd_conf.o
                0x08006b10                HAL_PCD_DataOutStageCallback
 .text.HAL_PCD_DataInStageCallback
                0x08006b46       0x34 ./Middlewares/Third_Party/AL94_USB_Composite/COMPOSITE/Target/usbd_conf.o
                0x08006b46                HAL_PCD_DataInStageCallback
 .text.HAL_PCD_SOFCallback
                0x08006b7a       0x1c ./Middlewares/Third_Party/AL94_USB_Composite/COMPOSITE/Target/usbd_conf.o
                0x08006b7a                HAL_PCD_SOFCallback
 .text.HAL_PCD_ResetCallback
                0x08006b96       0x42 ./Middlewares/Third_Party/AL94_USB_Composite/COMPOSITE/Target/usbd_conf.o
                0x08006b96                HAL_PCD_ResetCallback
 .text.HAL_PCD_SuspendCallback
                0x08006bd8       0x1c ./Middlewares/Third_Party/AL94_USB_Composite/COMPOSITE/Target/usbd_conf.o
                0x08006bd8                HAL_PCD_SuspendCallback
 .text.HAL_PCD_ResumeCallback
                0x08006bf4       0x1c ./Middlewares/Third_Party/AL94_USB_Composite/COMPOSITE/Target/usbd_conf.o
                0x08006bf4                HAL_PCD_ResumeCallback
 .text.USBD_LL_Init
                0x08006c10       0x8c ./Middlewares/Third_Party/AL94_USB_Composite/COMPOSITE/Target/usbd_conf.o
                0x08006c10                USBD_LL_Init
 .text.USBD_LL_Start
                0x08006c9c       0x36 ./Middlewares/Third_Party/AL94_USB_Composite/COMPOSITE/Target/usbd_conf.o
                0x08006c9c                USBD_LL_Start
 .text.USBD_LL_OpenEP
                0x08006cd2       0x4c ./Middlewares/Third_Party/AL94_USB_Composite/COMPOSITE/Target/usbd_conf.o
                0x08006cd2                USBD_LL_OpenEP
 .text.USBD_LL_CloseEP
                0x08006d1e       0x3e ./Middlewares/Third_Party/AL94_USB_Composite/COMPOSITE/Target/usbd_conf.o
                0x08006d1e                USBD_LL_CloseEP
 .text.USBD_LL_StallEP
                0x08006d5c       0x3e ./Middlewares/Third_Party/AL94_USB_Composite/COMPOSITE/Target/usbd_conf.o
                0x08006d5c                USBD_LL_StallEP
 .text.USBD_LL_ClearStallEP
                0x08006d9a       0x3e ./Middlewares/Third_Party/AL94_USB_Composite/COMPOSITE/Target/usbd_conf.o
                0x08006d9a                USBD_LL_ClearStallEP
 .text.USBD_LL_IsStallEP
                0x08006dd8       0x58 ./Middlewares/Third_Party/AL94_USB_Composite/COMPOSITE/Target/usbd_conf.o
                0x08006dd8                USBD_LL_IsStallEP
 .text.USBD_LL_SetUSBAddress
                0x08006e30       0x3e ./Middlewares/Third_Party/AL94_USB_Composite/COMPOSITE/Target/usbd_conf.o
                0x08006e30                USBD_LL_SetUSBAddress
 .text.USBD_LL_Transmit
                0x08006e6e       0x42 ./Middlewares/Third_Party/AL94_USB_Composite/COMPOSITE/Target/usbd_conf.o
                0x08006e6e                USBD_LL_Transmit
 .text.USBD_LL_PrepareReceive
                0x08006eb0       0x42 ./Middlewares/Third_Party/AL94_USB_Composite/COMPOSITE/Target/usbd_conf.o
                0x08006eb0                USBD_LL_PrepareReceive
 *fill*         0x08006ef2        0x2 
 .text.USBD_Get_USB_Status
                0x08006ef4       0x58 ./Middlewares/Third_Party/AL94_USB_Composite/COMPOSITE/Target/usbd_conf.o
                0x08006ef4                USBD_Get_USB_Status
 .text.memset   0x08006f4c       0x10 D:/Programs/STM32CubeIDE_1.19.0/STM32CubeIDE/plugins/com.st.stm32cube.ide.mcu.externaltools.gnu-tools-for-stm32.13.3.rel1.win32_1.0.0.202411081344/tools/bin/../lib/gcc/arm-none-eabi/13.3.1/../../../../arm-none-eabi/lib/thumb/v7e-m+fp/hard\libc_nano.a(libc_a-memset.o)
                0x08006f4c                memset
 .text.__libc_init_array
                0x08006f5c       0x48 D:/Programs/STM32CubeIDE_1.19.0/STM32CubeIDE/plugins/com.st.stm32cube.ide.mcu.externaltools.gnu-tools-for-stm32.13.3.rel1.win32_1.0.0.202411081344/tools/bin/../lib/gcc/arm-none-eabi/13.3.1/../../../../arm-none-eabi/lib/thumb/v7e-m+fp/hard\libc_nano.a(libc_a-init.o)
                0x08006f5c                __libc_init_array
 .text.memcpy   0x08006fa4       0x1c D:/Programs/STM32CubeIDE_1.19.0/STM32CubeIDE/plugins/com.st.stm32cube.ide.mcu.externaltools.gnu-tools-for-stm32.13.3.rel1.win32_1.0.0.202411081344/tools/bin/../lib/gcc/arm-none-eabi/13.3.1/../../../../arm-none-eabi/lib/thumb/v7e-m+fp/hard\libc_nano.a(libc_a-memcpy-stub.o)
                0x08006fa4                memcpy
 *(.glue_7)
 .glue_7        0x08006fc0        0x0 linker stubs
 *(.glue_7t)
 .glue_7t       0x08006fc0        0x0 linker stubs
 *(.eh_frame)
 .eh_frame      0x08006fc0        0x0 D:/Programs/STM32CubeIDE_1.19.0/STM32CubeIDE/plugins/com.st.stm32cube.ide.mcu.externaltools.gnu-tools-for-stm32.13.3.rel1.win32_1.0.0.202411081344/tools/bin/../lib/gcc/arm-none-eabi/13.3.1/thumb/v7e-m+fp/hard/crtbegin.o
 *(.init)
 .init          0x08006fc0        0x4 D:/Programs/STM32CubeIDE_1.19.0/STM32CubeIDE/plugins/com.st.stm32cube.ide.mcu.externaltools.gnu-tools-for-stm32.13.3.rel1.win32_1.0.0.202411081344/tools/bin/../lib/gcc/arm-none-eabi/13.3.1/thumb/v7e-m+fp/hard/crti.o
                0x08006fc0                _init
 .init          0x08006fc4        0x8 D:/Programs/STM32CubeIDE_1.19.0/STM32CubeIDE/plugins/com.st.stm32cube.ide.mcu.externaltools.gnu-tools-for-stm32.13.3.rel1.win32_1.0.0.202411081344/tools/bin/../lib/gcc/arm-none-eabi/13.3.1/thumb/v7e-m+fp/hard/crtn.o
 *(.fini)
 .fini          0x08006fcc        0x4 D:/Programs/STM32CubeIDE_1.19.0/STM32CubeIDE/plugins/com.st.stm32cube.ide.mcu.externaltools.gnu-tools-for-stm32.13.3.rel1.win32_1.0.0.202411081344/tools/bin/../lib/gcc/arm-none-eabi/13.3.1/thumb/v7e-m+fp/hard/crti.o
                0x08006fcc                _fini
 .fini          0x08006fd0        0x8 D:/Programs/STM32CubeIDE_1.19.0/STM32CubeIDE/plugins/com.st.stm32cube.ide.mcu.externaltools.gnu-tools-for-stm32.13.3.rel1.win32_1.0.0.202411081344/tools/bin/../lib/gcc/arm-none-eabi/13.3.1/thumb/v7e-m+fp/hard/crtn.o
                0x08006fd8                        . = ALIGN (0x4)
                0x08006fd8                        _etext = .

.vfp11_veneer   0x08006fd8        0x0
 .vfp11_veneer  0x08006fd8        0x0 linker stubs

.v4_bx          0x08006fd8        0x0
 .v4_bx         0x08006fd8        0x0 linker stubs

.iplt           0x08006fd8        0x0
 .iplt          0x08006fd8        0x0 D:/Programs/STM32CubeIDE_1.19.0/STM32CubeIDE/plugins/com.st.stm32cube.ide.mcu.externaltools.gnu-tools-for-stm32.13.3.rel1.win32_1.0.0.202411081344/tools/bin/../lib/gcc/arm-none-eabi/13.3.1/thumb/v7e-m+fp/hard/crtbegin.o

.rodata         0x08006fd8       0x74
                0x08006fd8                        . = ALIGN (0x4)
 *(.rodata)
 .rodata        0x08006fd8       0x50 ./Middlewares/Third_Party/AL94_USB_Composite/COMPOSITE/App/usbd_desc.o
 .rodata        0x08007028       0x13 ./Middlewares/Third_Party/AL94_USB_Composite/COMPOSITE/Class/COMPOSITE/Src/usbd_composite.o
 *(.rodata*)
 *fill*         0x0800703b        0x1 
 .rodata.AHBPrescTable
                0x0800703c       0x10 ./Core/Src/system_stm32g4xx.o
                0x0800703c                AHBPrescTable
                0x0800704c                        . = ALIGN (0x4)

.ARM.extab      0x0800704c        0x0
                0x0800704c                        . = ALIGN (0x4)
 *(.ARM.extab* .gnu.linkonce.armextab.*)
                0x0800704c                        . = ALIGN (0x4)

.ARM            0x0800704c        0x0
                0x0800704c                        . = ALIGN (0x4)
                0x0800704c                        __exidx_start = .
 *(.ARM.exidx*)
                0x0800704c                        __exidx_end = .
                0x0800704c                        . = ALIGN (0x4)

.preinit_array  0x0800704c        0x0
                0x0800704c                        . = ALIGN (0x4)
                0x0800704c                        PROVIDE (__preinit_array_start = .)
 *(.preinit_array*)
                0x0800704c                        PROVIDE (__preinit_array_end = .)
                0x0800704c                        . = ALIGN (0x4)

.init_array     0x0800704c        0x4
                0x0800704c                        . = ALIGN (0x4)
                0x0800704c                        PROVIDE (__init_array_start = .)
 *(SORT_BY_NAME(.init_array.*))
 *(.init_array*)
 .init_array    0x0800704c        0x4 D:/Programs/STM32CubeIDE_1.19.0/STM32CubeIDE/plugins/com.st.stm32cube.ide.mcu.externaltools.gnu-tools-for-stm32.13.3.rel1.win32_1.0.0.202411081344/tools/bin/../lib/gcc/arm-none-eabi/13.3.1/thumb/v7e-m+fp/hard/crtbegin.o
                0x08007050                        PROVIDE (__init_array_end = .)
                0x08007050                        . = ALIGN (0x4)

.fini_array     0x08007050        0x4
                0x08007050                        . = ALIGN (0x4)
                [!provide]                        PROVIDE (__fini_array_start = .)
 *(SORT_BY_NAME(.fini_array.*))
 *(.fini_array*)
 .fini_array    0x08007050        0x4 D:/Programs/STM32CubeIDE_1.19.0/STM32CubeIDE/plugins/com.st.stm32cube.ide.mcu.externaltools.gnu-tools-for-stm32.13.3.rel1.win32_1.0.0.202411081344/tools/bin/../lib/gcc/arm-none-eabi/13.3.1/thumb/v7e-m+fp/hard/crtbegin.o
                [!provide]                        PROVIDE (__fini_array_end = .)
                0x08007054                        . = ALIGN (0x4)
                0x08007054                        _sidata = LOADADDR (.data)

.rel.dyn        0x08007054        0x0
 .rel.iplt      0x08007054        0x0 D:/Programs/STM32CubeIDE_1.19.0/STM32CubeIDE/plugins/com.st.stm32cube.ide.mcu.externaltools.gnu-tools-for-stm32.13.3.rel1.win32_1.0.0.202411081344/tools/bin/../lib/gcc/arm-none-eabi/13.3.1/thumb/v7e-m+fp/hard/crtbegin.o

.data           0x20000000      0x200 load address 0x08007054
                0x20000000                        . = ALIGN (0x4)
                0x20000000                        _sdata = .
 *(.data)
 *(.data*)
 .data.SystemCoreClock
                0x20000000        0x4 ./Core/Src/system_stm32g4xx.o
                0x20000000                SystemCoreClock
 .data.uwTickPrio
                0x20000004        0x4 ./Drivers/STM32G4xx_HAL_Driver/Src/stm32g4xx_hal.o
                0x20000004                uwTickPrio
 .data.uwTickFreq
                0x20000008        0x4 ./Drivers/STM32G4xx_HAL_Driver/Src/stm32g4xx_hal.o
                0x20000008                uwTickFreq
 .data.USBD_Desc
                0x2000000c       0x1c ./Middlewares/Third_Party/AL94_USB_Composite/COMPOSITE/App/usbd_desc.o
                0x2000000c                USBD_Desc
 .data.USBD_DeviceDesc
                0x20000028       0x12 ./Middlewares/Third_Party/AL94_USB_Composite/COMPOSITE/App/usbd_desc.o
                0x20000028                USBD_DeviceDesc
 *fill*         0x2000003a        0x2 
 .data.USBD_LangIDDesc
                0x2000003c        0x4 ./Middlewares/Third_Party/AL94_USB_Composite/COMPOSITE/App/usbd_desc.o
                0x2000003c                USBD_LangIDDesc
 .data.USBD_StringSerial
                0x20000040       0x1a ./Middlewares/Third_Party/AL94_USB_Composite/COMPOSITE/App/usbd_desc.o
                0x20000040                USBD_StringSerial
 *fill*         0x2000005a        0x2 
 .data.USBD_COMPOSITE
                0x2000005c       0x3c ./Middlewares/Third_Party/AL94_USB_Composite/COMPOSITE/Class/COMPOSITE/Src/usbd_composite.o
                0x2000005c                USBD_COMPOSITE
 .data.USBD_Track_String_Index
                0x20000098        0x1 ./Middlewares/Third_Party/AL94_USB_Composite/COMPOSITE/Class/COMPOSITE/Src/usbd_composite.o
                0x20000098                USBD_Track_String_Index
 *fill*         0x20000099        0x3 
 .data.USBD_COMPOSITE_DeviceQualifierDesc
                0x2000009c        0xa ./Middlewares/Third_Party/AL94_USB_Composite/COMPOSITE/Class/COMPOSITE/Src/usbd_composite.o
 .data.HID_KEYBOARD_IN_EP
                0x200000a6        0x1 ./Middlewares/Third_Party/AL94_USB_Composite/COMPOSITE/Class/HID_KEYBOARD/Src/usbd_hid_keyboard.o
                0x200000a6                HID_KEYBOARD_IN_EP
 *fill*         0x200000a7        0x1 
 .data.USBD_HID_KEYBOARD
                0x200000a8       0x3c ./Middlewares/Third_Party/AL94_USB_Composite/COMPOSITE/Class/HID_KEYBOARD/Src/usbd_hid_keyboard.o
                0x200000a8                USBD_HID_KEYBOARD
 .data.USBD_HID_KEYBOARD_CfgFSDesc
                0x200000e4       0x22 ./Middlewares/Third_Party/AL94_USB_Composite/COMPOSITE/Class/HID_KEYBOARD/Src/usbd_hid_keyboard.o
 *fill*         0x20000106        0x2 
 .data.USBD_HID_KEYBOARD_CfgHSDesc
                0x20000108       0x22 ./Middlewares/Third_Party/AL94_USB_Composite/COMPOSITE/Class/HID_KEYBOARD/Src/usbd_hid_keyboard.o
 *fill*         0x2000012a        0x2 
 .data.USBD_HID_KEYBOARD_Desc
                0x2000012c        0x9 ./Middlewares/Third_Party/AL94_USB_Composite/COMPOSITE/Class/HID_KEYBOARD/Src/usbd_hid_keyboard.o
 *fill*         0x20000135        0x3 
 .data.USBD_HID_DeviceQualifierDesc
                0x20000138        0xa ./Middlewares/Third_Party/AL94_USB_Composite/COMPOSITE/Class/HID_KEYBOARD/Src/usbd_hid_keyboard.o
 *fill*         0x20000142        0x2 
 .data.HID_KEYBOARD_ReportDesc
                0x20000144       0xbb ./Middlewares/Third_Party/AL94_USB_Composite/COMPOSITE/Class/HID_KEYBOARD/Src/usbd_hid_keyboard.o
 *(.RamFunc)
 *(.RamFunc*)
                0x20000200                        . = ALIGN (0x4)
 *fill*         0x200001ff        0x1 
                0x20000200                        _edata = .

.igot.plt       0x20000200        0x0 load address 0x08007254
 .igot.plt      0x20000200        0x0 D:/Programs/STM32CubeIDE_1.19.0/STM32CubeIDE/plugins/com.st.stm32cube.ide.mcu.externaltools.gnu-tools-for-stm32.13.3.rel1.win32_1.0.0.202411081344/tools/bin/../lib/gcc/arm-none-eabi/13.3.1/thumb/v7e-m+fp/hard/crtbegin.o
                0x20000200                        . = ALIGN (0x4)

.bss            0x20000200      0x8bc load address 0x08007254
                0x20000200                        _sbss = .
                0x20000200                        __bss_start__ = _sbss
 *(.bss)
 .bss           0x20000200       0x1c D:/Programs/STM32CubeIDE_1.19.0/STM32CubeIDE/plugins/com.st.stm32cube.ide.mcu.externaltools.gnu-tools-for-stm32.13.3.rel1.win32_1.0.0.202411081344/tools/bin/../lib/gcc/arm-none-eabi/13.3.1/thumb/v7e-m+fp/hard/crtbegin.o
 *(.bss*)
 .bss.hpcd_USB_FS
                0x2000021c      0x2dc ./Core/Src/usb.o
                0x2000021c                hpcd_USB_FS
 .bss.uwTick    0x200004f8        0x4 ./Drivers/STM32G4xx_HAL_Driver/Src/stm32g4xx_hal.o
                0x200004f8                uwTick
 .bss.hUsbDevice
                0x200004fc      0x31c ./Middlewares/Third_Party/AL94_USB_Composite/COMPOSITE/App/usb_device.o
                0x200004fc                hUsbDevice
 .bss.USBD_StrDesc
                0x20000818      0x200 ./Middlewares/Third_Party/AL94_USB_Composite/COMPOSITE/App/usbd_desc.o
                0x20000818                USBD_StrDesc
 .bss.USBD_COMPOSITE_FSCfgDesc
                0x20000a18       0x22 ./Middlewares/Third_Party/AL94_USB_Composite/COMPOSITE/Class/COMPOSITE/Src/usbd_composite.o
                0x20000a18                USBD_COMPOSITE_FSCfgDesc
 *fill*         0x20000a3a        0x2 
 .bss.USBD_COMPOSITE_HSCfgDesc
                0x20000a3c       0x22 ./Middlewares/Third_Party/AL94_USB_Composite/COMPOSITE/Class/COMPOSITE/Src/usbd_composite.o
                0x20000a3c                USBD_COMPOSITE_HSCfgDesc
 *fill*         0x20000a5e        0x2 
 .bss.USBD_StrDesc.0
                0x20000a60       0x40 ./Middlewares/Third_Party/AL94_USB_Composite/COMPOSITE/Class/COMPOSITE/Src/usbd_composite.o
 .bss.HID_KEYBOARD_ITF_NBR
                0x20000aa0        0x1 ./Middlewares/Third_Party/AL94_USB_Composite/COMPOSITE/Class/HID_KEYBOARD/Src/usbd_hid_keyboard.o
                0x20000aa0                HID_KEYBOARD_ITF_NBR
 .bss.HID_KEYBOARD_STR_DESC_IDX
                0x20000aa1        0x1 ./Middlewares/Third_Party/AL94_USB_Composite/COMPOSITE/Class/HID_KEYBOARD/Src/usbd_hid_keyboard.o
                0x20000aa1                HID_KEYBOARD_STR_DESC_IDX
 *fill*         0x20000aa2        0x2 
 .bss.USBD_HID_KBD_Instace
                0x20000aa4       0x10 ./Middlewares/Third_Party/AL94_USB_Composite/COMPOSITE/Class/HID_KEYBOARD/Src/usbd_hid_keyboard.o
 .bss.cfgidx.0  0x20000ab4        0x1 ./Middlewares/Third_Party/AL94_USB_Composite/COMPOSITE/Core/Src/usbd_ctlreq.o
 *fill*         0x20000ab5        0x3 
 .bss.hpcd_USB_OTG_PTR
                0x20000ab8        0x4 ./Middlewares/Third_Party/AL94_USB_Composite/COMPOSITE/Target/usbd_conf.o
                0x20000ab8                hpcd_USB_OTG_PTR
 *(COMMON)
                0x20000abc                        . = ALIGN (0x4)
                0x20000abc                        _ebss = .
                0x20000abc                        __bss_end__ = _ebss

._user_heap_stack
                0x20000abc     0x2004 load address 0x08007254
                0x20000ac0                        . = ALIGN (0x8)
 *fill*         0x20000abc        0x4 
                [!provide]                        PROVIDE (end = .)
                0x20000ac0                        PROVIDE (_end = .)
                0x20001ac0                        . = (. + _Min_Heap_Size)
 *fill*         0x20000ac0     0x1000 
                0x20002ac0                        . = (. + _Min_Stack_Size)
 *fill*         0x20001ac0     0x1000 
                0x20002ac0                        . = ALIGN (0x8)

/DISCARD/
 libc.a(*)
 libm.a(*)
 libgcc.a(*)

.ARM.attributes
                0x00000000       0x30
 *(.ARM.attributes)
 .ARM.attributes
                0x00000000       0x22 D:/Programs/STM32CubeIDE_1.19.0/STM32CubeIDE/plugins/com.st.stm32cube.ide.mcu.externaltools.gnu-tools-for-stm32.13.3.rel1.win32_1.0.0.202411081344/tools/bin/../lib/gcc/arm-none-eabi/13.3.1/thumb/v7e-m+fp/hard/crti.o
 .ARM.attributes
                0x00000022       0x34 D:/Programs/STM32CubeIDE_1.19.0/STM32CubeIDE/plugins/com.st.stm32cube.ide.mcu.externaltools.gnu-tools-for-stm32.13.3.rel1.win32_1.0.0.202411081344/tools/bin/../lib/gcc/arm-none-eabi/13.3.1/thumb/v7e-m+fp/hard/crtbegin.o
 .ARM.attributes
                0x00000056       0x34 ./Core/Src/gpio.o
 .ARM.attributes
                0x0000008a       0x34 ./Core/Src/main.o
 .ARM.attributes
                0x000000be       0x34 ./Core/Src/stm32g4xx_hal_msp.o
 .ARM.attributes
                0x000000f2       0x34 ./Core/Src/stm32g4xx_it.o
 .ARM.attributes
                0x00000126       0x34 ./Core/Src/system_stm32g4xx.o
 .ARM.attributes
                0x0000015a       0x34 ./Core/Src/usb.o
 .ARM.attributes
                0x0000018e       0x21 ./Core/Startup/startup_stm32g431rbtx.o
 .ARM.attributes
                0x000001af       0x34 ./Drivers/STM32G4xx_HAL_Driver/Src/stm32g4xx_hal.o
 .ARM.attributes
                0x000001e3       0x34 ./Drivers/STM32G4xx_HAL_Driver/Src/stm32g4xx_hal_cortex.o
 .ARM.attributes
                0x00000217       0x34 ./Drivers/STM32G4xx_HAL_Driver/Src/stm32g4xx_hal_pcd.o
 .ARM.attributes
                0x0000024b       0x34 ./Drivers/STM32G4xx_HAL_Driver/Src/stm32g4xx_hal_pcd_ex.o
 .ARM.attributes
                0x0000027f       0x34 ./Drivers/STM32G4xx_HAL_Driver/Src/stm32g4xx_hal_pwr_ex.o
 .ARM.attributes
                0x000002b3       0x34 ./Drivers/STM32G4xx_HAL_Driver/Src/stm32g4xx_hal_rcc.o
 .ARM.attributes
                0x000002e7       0x34 ./Drivers/STM32G4xx_HAL_Driver/Src/stm32g4xx_hal_rcc_ex.o
 .ARM.attributes
                0x0000031b       0x34 ./Drivers/STM32G4xx_HAL_Driver/Src/stm32g4xx_ll_usb.o
 .ARM.attributes
                0x0000034f       0x34 ./Middlewares/Third_Party/AL94_USB_Composite/COMPOSITE/App/usb_device.o
 .ARM.attributes
                0x00000383       0x34 ./Middlewares/Third_Party/AL94_USB_Composite/COMPOSITE/App/usbd_desc.o
 .ARM.attributes
                0x000003b7       0x34 ./Middlewares/Third_Party/AL94_USB_Composite/COMPOSITE/Class/COMPOSITE/Src/usbd_composite.o
 .ARM.attributes
                0x000003eb       0x34 ./Middlewares/Third_Party/AL94_USB_Composite/COMPOSITE/Class/HID_KEYBOARD/Src/usbd_hid_keyboard.o
 .ARM.attributes
                0x0000041f       0x34 ./Middlewares/Third_Party/AL94_USB_Composite/COMPOSITE/Core/Src/usbd_core.o
 .ARM.attributes
                0x00000453       0x34 ./Middlewares/Third_Party/AL94_USB_Composite/COMPOSITE/Core/Src/usbd_ctlreq.o
 .ARM.attributes
                0x00000487       0x34 ./Middlewares/Third_Party/AL94_USB_Composite/COMPOSITE/Core/Src/usbd_ioreq.o
 .ARM.attributes
                0x000004bb       0x34 ./Middlewares/Third_Party/AL94_USB_Composite/COMPOSITE/Target/usbd_conf.o
 .ARM.attributes
                0x000004ef       0x34 D:/Programs/STM32CubeIDE_1.19.0/STM32CubeIDE/plugins/com.st.stm32cube.ide.mcu.externaltools.gnu-tools-for-stm32.13.3.rel1.win32_1.0.0.202411081344/tools/bin/../lib/gcc/arm-none-eabi/13.3.1/../../../../arm-none-eabi/lib/thumb/v7e-m+fp/hard\libc_nano.a(libc_a-memset.o)
 .ARM.attributes
                0x00000523       0x34 D:/Programs/STM32CubeIDE_1.19.0/STM32CubeIDE/plugins/com.st.stm32cube.ide.mcu.externaltools.gnu-tools-for-stm32.13.3.rel1.win32_1.0.0.202411081344/tools/bin/../lib/gcc/arm-none-eabi/13.3.1/../../../../arm-none-eabi/lib/thumb/v7e-m+fp/hard\libc_nano.a(libc_a-init.o)
 .ARM.attributes
                0x00000557       0x34 D:/Programs/STM32CubeIDE_1.19.0/STM32CubeIDE/plugins/com.st.stm32cube.ide.mcu.externaltools.gnu-tools-for-stm32.13.3.rel1.win32_1.0.0.202411081344/tools/bin/../lib/gcc/arm-none-eabi/13.3.1/../../../../arm-none-eabi/lib/thumb/v7e-m+fp/hard\libc_nano.a(libc_a-memcpy-stub.o)
 .ARM.attributes
                0x0000058b       0x22 D:/Programs/STM32CubeIDE_1.19.0/STM32CubeIDE/plugins/com.st.stm32cube.ide.mcu.externaltools.gnu-tools-for-stm32.13.3.rel1.win32_1.0.0.202411081344/tools/bin/../lib/gcc/arm-none-eabi/13.3.1/thumb/v7e-m+fp/hard/crtn.o
OUTPUT(Teno-5.elf elf32-littlearm)
LOAD linker stubs
LOAD D:/Programs/STM32CubeIDE_1.19.0/STM32CubeIDE/plugins/com.st.stm32cube.ide.mcu.externaltools.gnu-tools-for-stm32.13.3.rel1.win32_1.0.0.202411081344/tools/bin/../lib/gcc/arm-none-eabi/13.3.1/../../../../arm-none-eabi/lib/thumb/v7e-m+fp/hard\libc.a
LOAD D:/Programs/STM32CubeIDE_1.19.0/STM32CubeIDE/plugins/com.st.stm32cube.ide.mcu.externaltools.gnu-tools-for-stm32.13.3.rel1.win32_1.0.0.202411081344/tools/bin/../lib/gcc/arm-none-eabi/13.3.1/../../../../arm-none-eabi/lib/thumb/v7e-m+fp/hard\libm.a
LOAD D:/Programs/STM32CubeIDE_1.19.0/STM32CubeIDE/plugins/com.st.stm32cube.ide.mcu.externaltools.gnu-tools-for-stm32.13.3.rel1.win32_1.0.0.202411081344/tools/bin/../lib/gcc/arm-none-eabi/13.3.1/thumb/v7e-m+fp/hard\libgcc.a

.debug_info     0x00000000     0xe471
 .debug_info    0x00000000      0x2d1 ./Core/Src/gpio.o
 .debug_info    0x000002d1      0x2d9 ./Core/Src/main.o
 .debug_info    0x000005aa      0x2da ./Core/Src/stm32g4xx_hal_msp.o
 .debug_info    0x00000884      0x632 ./Core/Src/stm32g4xx_it.o
 .debug_info    0x00000eb6      0x58e ./Core/Src/system_stm32g4xx.o
 .debug_info    0x00001444      0xba2 ./Core/Src/usb.o
 .debug_info    0x00001fe6       0x30 ./Core/Startup/startup_stm32g431rbtx.o
 .debug_info    0x00002016      0xadb ./Drivers/STM32G4xx_HAL_Driver/Src/stm32g4xx_hal.o
 .debug_info    0x00002af1      0xd3f ./Drivers/STM32G4xx_HAL_Driver/Src/stm32g4xx_hal_cortex.o
 .debug_info    0x00003830     0x166a ./Drivers/STM32G4xx_HAL_Driver/Src/stm32g4xx_hal_pcd.o
 .debug_info    0x00004e9a      0x80a ./Drivers/STM32G4xx_HAL_Driver/Src/stm32g4xx_hal_pcd_ex.o
 .debug_info    0x000056a4      0x944 ./Drivers/STM32G4xx_HAL_Driver/Src/stm32g4xx_hal_pwr_ex.o
 .debug_info    0x00005fe8      0xb9b ./Drivers/STM32G4xx_HAL_Driver/Src/stm32g4xx_hal_rcc.o
 .debug_info    0x00006b83      0xc2d ./Drivers/STM32G4xx_HAL_Driver/Src/stm32g4xx_hal_rcc_ex.o
 .debug_info    0x000077b0     0x1577 ./Drivers/STM32G4xx_HAL_Driver/Src/stm32g4xx_ll_usb.o
 .debug_info    0x00008d27      0x6e7 ./Middlewares/Third_Party/AL94_USB_Composite/COMPOSITE/App/usb_device.o
 .debug_info    0x0000940e      0x450 ./Middlewares/Third_Party/AL94_USB_Composite/COMPOSITE/App/usbd_desc.o
 .debug_info    0x0000985e      0xb46 ./Middlewares/Third_Party/AL94_USB_Composite/COMPOSITE/Class/COMPOSITE/Src/usbd_composite.o
 .debug_info    0x0000a3a4      0xb3f ./Middlewares/Third_Party/AL94_USB_Composite/COMPOSITE/Class/HID_KEYBOARD/Src/usbd_hid_keyboard.o
 .debug_info    0x0000aee3      0xc42 ./Middlewares/Third_Party/AL94_USB_Composite/COMPOSITE/Core/Src/usbd_core.o
 .debug_info    0x0000bb25      0xb7e ./Middlewares/Third_Party/AL94_USB_Composite/COMPOSITE/Core/Src/usbd_ctlreq.o
 .debug_info    0x0000c6a3      0x847 ./Middlewares/Third_Party/AL94_USB_Composite/COMPOSITE/Core/Src/usbd_ioreq.o
 .debug_info    0x0000ceea     0x1587 ./Middlewares/Third_Party/AL94_USB_Composite/COMPOSITE/Target/usbd_conf.o

.debug_abbrev   0x00000000     0x2e86
 .debug_abbrev  0x00000000       0xc6 ./Core/Src/gpio.o
 .debug_abbrev  0x000000c6      0x16b ./Core/Src/main.o
 .debug_abbrev  0x00000231       0xd9 ./Core/Src/stm32g4xx_hal_msp.o
 .debug_abbrev  0x0000030a      0x192 ./Core/Src/stm32g4xx_it.o
 .debug_abbrev  0x0000049c      0x11a ./Core/Src/system_stm32g4xx.o
 .debug_abbrev  0x000005b6      0x212 ./Core/Src/usb.o
 .debug_abbrev  0x000007c8       0x24 ./Core/Startup/startup_stm32g431rbtx.o
 .debug_abbrev  0x000007ec      0x271 ./Drivers/STM32G4xx_HAL_Driver/Src/stm32g4xx_hal.o
 .debug_abbrev  0x00000a5d      0x31c ./Drivers/STM32G4xx_HAL_Driver/Src/stm32g4xx_hal_cortex.o
 .debug_abbrev  0x00000d79      0x2b9 ./Drivers/STM32G4xx_HAL_Driver/Src/stm32g4xx_hal_pcd.o
 .debug_abbrev  0x00001032      0x228 ./Drivers/STM32G4xx_HAL_Driver/Src/stm32g4xx_hal_pcd_ex.o
 .debug_abbrev  0x0000125a      0x22c ./Drivers/STM32G4xx_HAL_Driver/Src/stm32g4xx_hal_pwr_ex.o
 .debug_abbrev  0x00001486      0x2c9 ./Drivers/STM32G4xx_HAL_Driver/Src/stm32g4xx_hal_rcc.o
 .debug_abbrev  0x0000174f      0x261 ./Drivers/STM32G4xx_HAL_Driver/Src/stm32g4xx_hal_rcc_ex.o
 .debug_abbrev  0x000019b0      0x247 ./Drivers/STM32G4xx_HAL_Driver/Src/stm32g4xx_ll_usb.o
 .debug_abbrev  0x00001bf7      0x1a0 ./Middlewares/Third_Party/AL94_USB_Composite/COMPOSITE/App/usb_device.o
 .debug_abbrev  0x00001d97      0x20f ./Middlewares/Third_Party/AL94_USB_Composite/COMPOSITE/App/usbd_desc.o
 .debug_abbrev  0x00001fa6      0x2cc ./Middlewares/Third_Party/AL94_USB_Composite/COMPOSITE/Class/COMPOSITE/Src/usbd_composite.o
 .debug_abbrev  0x00002272      0x2bd ./Middlewares/Third_Party/AL94_USB_Composite/COMPOSITE/Class/HID_KEYBOARD/Src/usbd_hid_keyboard.o
 .debug_abbrev  0x0000252f      0x24f ./Middlewares/Third_Party/AL94_USB_Composite/COMPOSITE/Core/Src/usbd_core.o
 .debug_abbrev  0x0000277e      0x27e ./Middlewares/Third_Party/AL94_USB_Composite/COMPOSITE/Core/Src/usbd_ctlreq.o
 .debug_abbrev  0x000029fc      0x1a9 ./Middlewares/Third_Party/AL94_USB_Composite/COMPOSITE/Core/Src/usbd_ioreq.o
 .debug_abbrev  0x00002ba5      0x2e1 ./Middlewares/Third_Party/AL94_USB_Composite/COMPOSITE/Target/usbd_conf.o

.debug_aranges  0x00000000      0xcc8
 .debug_aranges
                0x00000000       0x20 ./Core/Src/gpio.o
 .debug_aranges
                0x00000020       0x30 ./Core/Src/main.o
 .debug_aranges
                0x00000050       0x20 ./Core/Src/stm32g4xx_hal_msp.o
 .debug_aranges
                0x00000070       0x68 ./Core/Src/stm32g4xx_it.o
 .debug_aranges
                0x000000d8       0x28 ./Core/Src/system_stm32g4xx.o
 .debug_aranges
                0x00000100       0x30 ./Core/Src/usb.o
 .debug_aranges
                0x00000130       0x28 ./Core/Startup/startup_stm32g431rbtx.o
 .debug_aranges
                0x00000158      0x148 ./Drivers/STM32G4xx_HAL_Driver/Src/stm32g4xx_hal.o
 .debug_aranges
                0x000002a0      0x128 ./Drivers/STM32G4xx_HAL_Driver/Src/stm32g4xx_hal_cortex.o
 .debug_aranges
                0x000003c8      0x138 ./Drivers/STM32G4xx_HAL_Driver/Src/stm32g4xx_hal_pcd.o
 .debug_aranges
                0x00000500       0x58 ./Drivers/STM32G4xx_HAL_Driver/Src/stm32g4xx_hal_pcd_ex.o
 .debug_aranges
                0x00000558      0x140 ./Drivers/STM32G4xx_HAL_Driver/Src/stm32g4xx_hal_pwr_ex.o
 .debug_aranges
                0x00000698       0x98 ./Drivers/STM32G4xx_HAL_Driver/Src/stm32g4xx_hal_rcc.o
 .debug_aranges
                0x00000730       0xb0 ./Drivers/STM32G4xx_HAL_Driver/Src/stm32g4xx_hal_rcc_ex.o
 .debug_aranges
                0x000007e0       0xc8 ./Drivers/STM32G4xx_HAL_Driver/Src/stm32g4xx_ll_usb.o
 .debug_aranges
                0x000008a8       0x20 ./Middlewares/Third_Party/AL94_USB_Composite/COMPOSITE/App/usb_device.o
 .debug_aranges
                0x000008c8       0x60 ./Middlewares/Third_Party/AL94_USB_Composite/COMPOSITE/App/usbd_desc.o
 .debug_aranges
                0x00000928       0x98 ./Middlewares/Third_Party/AL94_USB_Composite/COMPOSITE/Class/COMPOSITE/Src/usbd_composite.o
 .debug_aranges
                0x000009c0       0x70 ./Middlewares/Third_Party/AL94_USB_Composite/COMPOSITE/Class/HID_KEYBOARD/Src/usbd_hid_keyboard.o
 .debug_aranges
                0x00000a30       0xb8 ./Middlewares/Third_Party/AL94_USB_Composite/COMPOSITE/Core/Src/usbd_core.o
 .debug_aranges
                0x00000ae8       0x90 ./Middlewares/Third_Party/AL94_USB_Composite/COMPOSITE/Core/Src/usbd_ctlreq.o
 .debug_aranges
                0x00000b78       0x50 ./Middlewares/Third_Party/AL94_USB_Composite/COMPOSITE/Core/Src/usbd_ioreq.o
 .debug_aranges
                0x00000bc8      0x100 ./Middlewares/Third_Party/AL94_USB_Composite/COMPOSITE/Target/usbd_conf.o

.debug_rnglists
                0x00000000      0x95d
 .debug_rnglists
                0x00000000       0x13 ./Core/Src/gpio.o
 .debug_rnglists
                0x00000013       0x20 ./Core/Src/main.o
 .debug_rnglists
                0x00000033       0x13 ./Core/Src/stm32g4xx_hal_msp.o
 .debug_rnglists
                0x00000046       0x49 ./Core/Src/stm32g4xx_it.o
 .debug_rnglists
                0x0000008f       0x1a ./Core/Src/system_stm32g4xx.o
 .debug_rnglists
                0x000000a9       0x1f ./Core/Src/usb.o
 .debug_rnglists
                0x000000c8       0x19 ./Core/Startup/startup_stm32g431rbtx.o
 .debug_rnglists
                0x000000e1       0xf1 ./Drivers/STM32G4xx_HAL_Driver/Src/stm32g4xx_hal.o
 .debug_rnglists
                0x000001d2       0xda ./Drivers/STM32G4xx_HAL_Driver/Src/stm32g4xx_hal_cortex.o
 .debug_rnglists
                0x000002ac       0xee ./Drivers/STM32G4xx_HAL_Driver/Src/stm32g4xx_hal_pcd.o
 .debug_rnglists
                0x0000039a       0x3f ./Drivers/STM32G4xx_HAL_Driver/Src/stm32g4xx_hal_pcd_ex.o
 .debug_rnglists
                0x000003d9       0xf1 ./Drivers/STM32G4xx_HAL_Driver/Src/stm32g4xx_hal_pwr_ex.o
 .debug_rnglists
                0x000004ca       0x74 ./Drivers/STM32G4xx_HAL_Driver/Src/stm32g4xx_hal_rcc.o
 .debug_rnglists
                0x0000053e       0x87 ./Drivers/STM32G4xx_HAL_Driver/Src/stm32g4xx_hal_rcc_ex.o
 .debug_rnglists
                0x000005c5       0x99 ./Drivers/STM32G4xx_HAL_Driver/Src/stm32g4xx_ll_usb.o
 .debug_rnglists
                0x0000065e       0x13 ./Middlewares/Third_Party/AL94_USB_Composite/COMPOSITE/App/usb_device.o
 .debug_rnglists
                0x00000671       0x43 ./Middlewares/Third_Party/AL94_USB_Composite/COMPOSITE/App/usbd_desc.o
 .debug_rnglists
                0x000006b4       0x6e ./Middlewares/Third_Party/AL94_USB_Composite/COMPOSITE/Class/COMPOSITE/Src/usbd_composite.o
 .debug_rnglists
                0x00000722       0x51 ./Middlewares/Third_Party/AL94_USB_Composite/COMPOSITE/Class/HID_KEYBOARD/Src/usbd_hid_keyboard.o
 .debug_rnglists
                0x00000773       0x89 ./Middlewares/Third_Party/AL94_USB_Composite/COMPOSITE/Core/Src/usbd_core.o
 .debug_rnglists
                0x000007fc       0x6e ./Middlewares/Third_Party/AL94_USB_Composite/COMPOSITE/Core/Src/usbd_ctlreq.o
 .debug_rnglists
                0x0000086a       0x37 ./Middlewares/Third_Party/AL94_USB_Composite/COMPOSITE/Core/Src/usbd_ioreq.o
 .debug_rnglists
                0x000008a1       0xbc ./Middlewares/Third_Party/AL94_USB_Composite/COMPOSITE/Target/usbd_conf.o

.debug_macro    0x00000000    0x1ed92
 .debug_macro   0x00000000      0x1de ./Core/Src/gpio.o
 .debug_macro   0x000001de      0xad8 ./Core/Src/gpio.o
 .debug_macro   0x00000cb6      0x155 ./Core/Src/gpio.o
 .debug_macro   0x00000e0b       0x2e ./Core/Src/gpio.o
 .debug_macro   0x00000e39       0x28 ./Core/Src/gpio.o
 .debug_macro   0x00000e61       0x22 ./Core/Src/gpio.o
 .debug_macro   0x00000e83       0x8e ./Core/Src/gpio.o
 .debug_macro   0x00000f11       0x51 ./Core/Src/gpio.o
 .debug_macro   0x00000f62      0x103 ./Core/Src/gpio.o
 .debug_macro   0x00001065       0x6a ./Core/Src/gpio.o
 .debug_macro   0x000010cf      0x1df ./Core/Src/gpio.o
 .debug_macro   0x000012ae       0x1c ./Core/Src/gpio.o
 .debug_macro   0x000012ca       0x22 ./Core/Src/gpio.o
 .debug_macro   0x000012ec       0xfb ./Core/Src/gpio.o
 .debug_macro   0x000013e7     0x1011 ./Core/Src/gpio.o
 .debug_macro   0x000023f8      0x11f ./Core/Src/gpio.o
 .debug_macro   0x00002517    0x1138f ./Core/Src/gpio.o
 .debug_macro   0x000138a6       0x6d ./Core/Src/gpio.o
 .debug_macro   0x00013913     0x3558 ./Core/Src/gpio.o
 .debug_macro   0x00016e6b      0x190 ./Core/Src/gpio.o
 .debug_macro   0x00016ffb       0x5c ./Core/Src/gpio.o
 .debug_macro   0x00017057     0x141d ./Core/Src/gpio.o
 .debug_macro   0x00018474      0x535 ./Core/Src/gpio.o
 .debug_macro   0x000189a9      0x1b6 ./Core/Src/gpio.o
 .debug_macro   0x00018b5f      0x288 ./Core/Src/gpio.o
 .debug_macro   0x00018de7      0x41d ./Core/Src/gpio.o
 .debug_macro   0x00019204      0x18b ./Core/Src/gpio.o
 .debug_macro   0x0001938f       0x43 ./Core/Src/gpio.o
 .debug_macro   0x000193d2      0x23d ./Core/Src/gpio.o
 .debug_macro   0x0001960f      0x211 ./Core/Src/gpio.o
 .debug_macro   0x00019820      0x401 ./Core/Src/gpio.o
 .debug_macro   0x00019c21      0x107 ./Core/Src/gpio.o
 .debug_macro   0x00019d28       0x73 ./Core/Src/gpio.o
 .debug_macro   0x00019d9b      0x234 ./Core/Src/gpio.o
 .debug_macro   0x00019fcf      0x122 ./Core/Src/gpio.o
 .debug_macro   0x0001a0f1      0x3d1 ./Core/Src/gpio.o
 .debug_macro   0x0001a4c2      0x306 ./Core/Src/gpio.o
 .debug_macro   0x0001a7c8      0x350 ./Core/Src/main.o
 .debug_macro   0x0001ab18       0x61 ./Core/Src/main.o
 .debug_macro   0x0001ab79       0x2a ./Core/Src/main.o
 .debug_macro   0x0001aba3       0x43 ./Core/Src/main.o
 .debug_macro   0x0001abe6       0x34 ./Core/Src/main.o
 .debug_macro   0x0001ac1a       0x16 ./Core/Src/main.o
 .debug_macro   0x0001ac30       0x3c ./Core/Src/main.o
 .debug_macro   0x0001ac6c      0x370 ./Core/Src/main.o
 .debug_macro   0x0001afdc       0x10 ./Core/Src/main.o
 .debug_macro   0x0001afec       0x16 ./Core/Src/main.o
 .debug_macro   0x0001b002       0x4a ./Core/Src/main.o
 .debug_macro   0x0001b04c       0x34 ./Core/Src/main.o
 .debug_macro   0x0001b080       0x10 ./Core/Src/main.o
 .debug_macro   0x0001b090       0x58 ./Core/Src/main.o
 .debug_macro   0x0001b0e8       0x8e ./Core/Src/main.o
 .debug_macro   0x0001b176       0x1c ./Core/Src/main.o
 .debug_macro   0x0001b192      0x185 ./Core/Src/main.o
 .debug_macro   0x0001b317       0x16 ./Core/Src/main.o
 .debug_macro   0x0001b32d       0x16 ./Core/Src/main.o
 .debug_macro   0x0001b343      0x146 ./Core/Src/main.o
 .debug_macro   0x0001b489       0x16 ./Core/Src/main.o
 .debug_macro   0x0001b49f       0x16 ./Core/Src/main.o
 .debug_macro   0x0001b4b5       0x29 ./Core/Src/main.o
 .debug_macro   0x0001b4de       0x16 ./Core/Src/main.o
 .debug_macro   0x0001b4f4       0x20 ./Core/Src/main.o
 .debug_macro   0x0001b514       0x6b ./Core/Src/main.o
 .debug_macro   0x0001b57f      0x1e9 ./Core/Src/main.o
 .debug_macro   0x0001b768      0x1d4 ./Core/Src/stm32g4xx_hal_msp.o
 .debug_macro   0x0001b93c      0x1de ./Core/Src/stm32g4xx_it.o
 .debug_macro   0x0001bb1a      0x1ca ./Core/Src/system_stm32g4xx.o
 .debug_macro   0x0001bce4      0x1de ./Core/Src/usb.o
 .debug_macro   0x0001bec2      0x218 ./Drivers/STM32G4xx_HAL_Driver/Src/stm32g4xx_hal.o
 .debug_macro   0x0001c0da      0x1ca ./Drivers/STM32G4xx_HAL_Driver/Src/stm32g4xx_hal_cortex.o
 .debug_macro   0x0001c2a4      0x1d6 ./Drivers/STM32G4xx_HAL_Driver/Src/stm32g4xx_hal_pcd.o
 .debug_macro   0x0001c47a      0x1ca ./Drivers/STM32G4xx_HAL_Driver/Src/stm32g4xx_hal_pcd_ex.o
 .debug_macro   0x0001c644      0x1f4 ./Drivers/STM32G4xx_HAL_Driver/Src/stm32g4xx_hal_pwr_ex.o
 .debug_macro   0x0001c838      0x20c ./Drivers/STM32G4xx_HAL_Driver/Src/stm32g4xx_hal_rcc.o
 .debug_macro   0x0001ca44      0x1f4 ./Drivers/STM32G4xx_HAL_Driver/Src/stm32g4xx_hal_rcc_ex.o
 .debug_macro   0x0001cc38      0x1ca ./Drivers/STM32G4xx_HAL_Driver/Src/stm32g4xx_ll_usb.o
 .debug_macro   0x0001ce02      0x397 ./Middlewares/Third_Party/AL94_USB_Composite/COMPOSITE/App/usb_device.o
 .debug_macro   0x0001d199       0x22 ./Middlewares/Third_Party/AL94_USB_Composite/COMPOSITE/App/usb_device.o
 .debug_macro   0x0001d1bb       0x22 ./Middlewares/Third_Party/AL94_USB_Composite/COMPOSITE/App/usb_device.o
 .debug_macro   0x0001d1dd       0x64 ./Middlewares/Third_Party/AL94_USB_Composite/COMPOSITE/App/usb_device.o
 .debug_macro   0x0001d241       0x5e ./Middlewares/Third_Party/AL94_USB_Composite/COMPOSITE/App/usb_device.o
 .debug_macro   0x0001d29f       0x64 ./Middlewares/Third_Party/AL94_USB_Composite/COMPOSITE/App/usb_device.o
 .debug_macro   0x0001d303      0x3b5 ./Middlewares/Third_Party/AL94_USB_Composite/COMPOSITE/App/usbd_desc.o
 .debug_macro   0x0001d6b8      0x1ef ./Middlewares/Third_Party/AL94_USB_Composite/COMPOSITE/App/usbd_desc.o
 .debug_macro   0x0001d8a7       0x1c ./Middlewares/Third_Party/AL94_USB_Composite/COMPOSITE/App/usbd_desc.o
 .debug_macro   0x0001d8c3      0x37e ./Middlewares/Third_Party/AL94_USB_Composite/COMPOSITE/Class/COMPOSITE/Src/usbd_composite.o
 .debug_macro   0x0001dc41      0x375 ./Middlewares/Third_Party/AL94_USB_Composite/COMPOSITE/Class/HID_KEYBOARD/Src/usbd_hid_keyboard.o
 .debug_macro   0x0001dfb6       0x5e ./Middlewares/Third_Party/AL94_USB_Composite/COMPOSITE/Class/HID_KEYBOARD/Src/usbd_hid_keyboard.o
 .debug_macro   0x0001e014      0x34a ./Middlewares/Third_Party/AL94_USB_Composite/COMPOSITE/Core/Src/usbd_core.o
 .debug_macro   0x0001e35e      0x354 ./Middlewares/Third_Party/AL94_USB_Composite/COMPOSITE/Core/Src/usbd_ctlreq.o
 .debug_macro   0x0001e6b2      0x350 ./Middlewares/Third_Party/AL94_USB_Composite/COMPOSITE/Core/Src/usbd_ioreq.o
 .debug_macro   0x0001ea02      0x390 ./Middlewares/Third_Party/AL94_USB_Composite/COMPOSITE/Target/usbd_conf.o

.debug_line     0x00000000    0x10f5c
 .debug_line    0x00000000      0x759 ./Core/Src/gpio.o
 .debug_line    0x00000759      0xa7d ./Core/Src/main.o
 .debug_line    0x000011d6      0x75d ./Core/Src/stm32g4xx_hal_msp.o
 .debug_line    0x00001933      0x823 ./Core/Src/stm32g4xx_it.o
 .debug_line    0x00002156      0x7c9 ./Core/Src/system_stm32g4xx.o
 .debug_line    0x0000291f      0x7ca ./Core/Src/usb.o
 .debug_line    0x000030e9       0x7b ./Core/Startup/startup_stm32g431rbtx.o
 .debug_line    0x00003164      0xb95 ./Drivers/STM32G4xx_HAL_Driver/Src/stm32g4xx_hal.o
 .debug_line    0x00003cf9      0xcfa ./Drivers/STM32G4xx_HAL_Driver/Src/stm32g4xx_hal_cortex.o
 .debug_line    0x000049f3     0x131f ./Drivers/STM32G4xx_HAL_Driver/Src/stm32g4xx_hal_pcd.o
 .debug_line    0x00005d12      0x8e3 ./Drivers/STM32G4xx_HAL_Driver/Src/stm32g4xx_hal_pcd_ex.o
 .debug_line    0x000065f5      0xcf4 ./Drivers/STM32G4xx_HAL_Driver/Src/stm32g4xx_hal_pwr_ex.o
 .debug_line    0x000072e9     0x1018 ./Drivers/STM32G4xx_HAL_Driver/Src/stm32g4xx_hal_rcc.o
 .debug_line    0x00008301     0x1145 ./Drivers/STM32G4xx_HAL_Driver/Src/stm32g4xx_hal_rcc_ex.o
 .debug_line    0x00009446     0x101a ./Drivers/STM32G4xx_HAL_Driver/Src/stm32g4xx_ll_usb.o
 .debug_line    0x0000a460      0xb4c ./Middlewares/Third_Party/AL94_USB_Composite/COMPOSITE/App/usb_device.o
 .debug_line    0x0000afac      0xc55 ./Middlewares/Third_Party/AL94_USB_Composite/COMPOSITE/App/usbd_desc.o
 .debug_line    0x0000bc01      0xd9f ./Middlewares/Third_Party/AL94_USB_Composite/COMPOSITE/Class/COMPOSITE/Src/usbd_composite.o
 .debug_line    0x0000c9a0      0xcf3 ./Middlewares/Third_Party/AL94_USB_Composite/COMPOSITE/Class/HID_KEYBOARD/Src/usbd_hid_keyboard.o
 .debug_line    0x0000d693      0xe72 ./Middlewares/Third_Party/AL94_USB_Composite/COMPOSITE/Core/Src/usbd_core.o
 .debug_line    0x0000e505     0x10f7 ./Middlewares/Third_Party/AL94_USB_Composite/COMPOSITE/Core/Src/usbd_ctlreq.o
 .debug_line    0x0000f5fc      0xabe ./Middlewares/Third_Party/AL94_USB_Composite/COMPOSITE/Core/Src/usbd_ioreq.o
 .debug_line    0x000100ba      0xea2 ./Middlewares/Third_Party/AL94_USB_Composite/COMPOSITE/Target/usbd_conf.o

.debug_str      0x00000000    0xb5534
 .debug_str     0x00000000    0xb5534 ./Core/Src/gpio.o
                              0xacdf5 (size before relaxing)
 .debug_str     0x000b5534    0xb1163 ./Core/Src/main.o
 .debug_str     0x000b5534    0xace16 ./Core/Src/stm32g4xx_hal_msp.o
 .debug_str     0x000b5534    0xad112 ./Core/Src/stm32g4xx_it.o
 .debug_str     0x000b5534    0xacea5 ./Core/Src/system_stm32g4xx.o
 .debug_str     0x000b5534    0xad7ff ./Core/Src/usb.o
 .debug_str     0x000b5534       0x76 ./Core/Startup/startup_stm32g431rbtx.o
 .debug_str     0x000b5534    0xad9e4 ./Drivers/STM32G4xx_HAL_Driver/Src/stm32g4xx_hal.o
 .debug_str     0x000b5534    0xad6a0 ./Drivers/STM32G4xx_HAL_Driver/Src/stm32g4xx_hal_cortex.o
 .debug_str     0x000b5534    0xad621 ./Drivers/STM32G4xx_HAL_Driver/Src/stm32g4xx_hal_pcd.o
 .debug_str     0x000b5534    0xad25d ./Drivers/STM32G4xx_HAL_Driver/Src/stm32g4xx_hal_pcd_ex.o
 .debug_str     0x000b5534    0xad393 ./Drivers/STM32G4xx_HAL_Driver/Src/stm32g4xx_hal_pwr_ex.o
 .debug_str     0x000b5534    0xad59e ./Drivers/STM32G4xx_HAL_Driver/Src/stm32g4xx_hal_rcc.o
 .debug_str     0x000b5534    0xad59f ./Drivers/STM32G4xx_HAL_Driver/Src/stm32g4xx_hal_rcc_ex.o
 .debug_str     0x000b5534    0xad15e ./Drivers/STM32G4xx_HAL_Driver/Src/stm32g4xx_ll_usb.o
 .debug_str     0x000b5534    0xb1c30 ./Middlewares/Third_Party/AL94_USB_Composite/COMPOSITE/App/usb_device.o
 .debug_str     0x000b5534    0xb1991 ./Middlewares/Third_Party/AL94_USB_Composite/COMPOSITE/App/usbd_desc.o
 .debug_str     0x000b5534    0xb1e70 ./Middlewares/Third_Party/AL94_USB_Composite/COMPOSITE/Class/COMPOSITE/Src/usbd_composite.o
 .debug_str     0x000b5534    0xb1acc ./Middlewares/Third_Party/AL94_USB_Composite/COMPOSITE/Class/HID_KEYBOARD/Src/usbd_hid_keyboard.o
 .debug_str     0x000b5534    0xb17c6 ./Middlewares/Third_Party/AL94_USB_Composite/COMPOSITE/Core/Src/usbd_core.o
 .debug_str     0x000b5534    0xb1718 ./Middlewares/Third_Party/AL94_USB_Composite/COMPOSITE/Core/Src/usbd_ctlreq.o
 .debug_str     0x000b5534    0xb160d ./Middlewares/Third_Party/AL94_USB_Composite/COMPOSITE/Core/Src/usbd_ioreq.o
 .debug_str     0x000b5534    0xb239a ./Middlewares/Third_Party/AL94_USB_Composite/COMPOSITE/Target/usbd_conf.o

.comment        0x00000000       0x43
 .comment       0x00000000       0x43 ./Core/Src/gpio.o
                                 0x44 (size before relaxing)
 .comment       0x00000043       0x44 ./Core/Src/main.o
 .comment       0x00000043       0x44 ./Core/Src/stm32g4xx_hal_msp.o
 .comment       0x00000043       0x44 ./Core/Src/stm32g4xx_it.o
 .comment       0x00000043       0x44 ./Core/Src/system_stm32g4xx.o
 .comment       0x00000043       0x44 ./Core/Src/usb.o
 .comment       0x00000043       0x44 ./Drivers/STM32G4xx_HAL_Driver/Src/stm32g4xx_hal.o
 .comment       0x00000043       0x44 ./Drivers/STM32G4xx_HAL_Driver/Src/stm32g4xx_hal_cortex.o
 .comment       0x00000043       0x44 ./Drivers/STM32G4xx_HAL_Driver/Src/stm32g4xx_hal_pcd.o
 .comment       0x00000043       0x44 ./Drivers/STM32G4xx_HAL_Driver/Src/stm32g4xx_hal_pcd_ex.o
 .comment       0x00000043       0x44 ./Drivers/STM32G4xx_HAL_Driver/Src/stm32g4xx_hal_pwr_ex.o
 .comment       0x00000043       0x44 ./Drivers/STM32G4xx_HAL_Driver/Src/stm32g4xx_hal_rcc.o
 .comment       0x00000043       0x44 ./Drivers/STM32G4xx_HAL_Driver/Src/stm32g4xx_hal_rcc_ex.o
 .comment       0x00000043       0x44 ./Drivers/STM32G4xx_HAL_Driver/Src/stm32g4xx_ll_usb.o
 .comment       0x00000043       0x44 ./Middlewares/Third_Party/AL94_USB_Composite/COMPOSITE/App/usb_device.o
 .comment       0x00000043       0x44 ./Middlewares/Third_Party/AL94_USB_Composite/COMPOSITE/App/usbd_desc.o
 .comment       0x00000043       0x44 ./Middlewares/Third_Party/AL94_USB_Composite/COMPOSITE/Class/COMPOSITE/Src/usbd_composite.o
 .comment       0x00000043       0x44 ./Middlewares/Third_Party/AL94_USB_Composite/COMPOSITE/Class/HID_KEYBOARD/Src/usbd_hid_keyboard.o
 .comment       0x00000043       0x44 ./Middlewares/Third_Party/AL94_USB_Composite/COMPOSITE/Core/Src/usbd_core.o
 .comment       0x00000043       0x44 ./Middlewares/Third_Party/AL94_USB_Composite/COMPOSITE/Core/Src/usbd_ctlreq.o
 .comment       0x00000043       0x44 ./Middlewares/Third_Party/AL94_USB_Composite/COMPOSITE/Core/Src/usbd_ioreq.o
 .comment       0x00000043       0x44 ./Middlewares/Third_Party/AL94_USB_Composite/COMPOSITE/Target/usbd_conf.o

.debug_frame    0x00000000     0x3164
 .debug_frame   0x00000000       0x38 ./Core/Src/gpio.o
 .debug_frame   0x00000038       0x68 ./Core/Src/main.o
 .debug_frame   0x000000a0       0x34 ./Core/Src/stm32g4xx_hal_msp.o
 .debug_frame   0x000000d4      0x120 ./Core/Src/stm32g4xx_it.o
 .debug_frame   0x000001f4       0x58 ./Core/Src/system_stm32g4xx.o
 .debug_frame   0x0000024c       0x74 ./Core/Src/usb.o
 .debug_frame   0x000002c0      0x500 ./Drivers/STM32G4xx_HAL_Driver/Src/stm32g4xx_hal.o
 .debug_frame   0x000007c0      0x4e8 ./Drivers/STM32G4xx_HAL_Driver/Src/stm32g4xx_hal_cortex.o
 .debug_frame   0x00000ca8      0x56c ./Drivers/STM32G4xx_HAL_Driver/Src/stm32g4xx_hal_pcd.o
 .debug_frame   0x00001214      0x14c ./Drivers/STM32G4xx_HAL_Driver/Src/stm32g4xx_hal_pcd_ex.o
 .debug_frame   0x00001360      0x4fc ./Drivers/STM32G4xx_HAL_Driver/Src/stm32g4xx_hal_pwr_ex.o
 .debug_frame   0x0000185c      0x23c ./Drivers/STM32G4xx_HAL_Driver/Src/stm32g4xx_hal_rcc.o
 .debug_frame   0x00001a98      0x2ac ./Drivers/STM32G4xx_HAL_Driver/Src/stm32g4xx_hal_rcc_ex.o
 .debug_frame   0x00001d44      0x380 ./Drivers/STM32G4xx_HAL_Driver/Src/stm32g4xx_ll_usb.o
 .debug_frame   0x000020c4       0x2c ./Middlewares/Third_Party/AL94_USB_Composite/COMPOSITE/App/usb_device.o
 .debug_frame   0x000020f0      0x160 ./Middlewares/Third_Party/AL94_USB_Composite/COMPOSITE/App/usbd_desc.o
 .debug_frame   0x00002250      0x278 ./Middlewares/Third_Party/AL94_USB_Composite/COMPOSITE/Class/COMPOSITE/Src/usbd_composite.o
 .debug_frame   0x000024c8      0x1b8 ./Middlewares/Third_Party/AL94_USB_Composite/COMPOSITE/Class/HID_KEYBOARD/Src/usbd_hid_keyboard.o
 .debug_frame   0x00002680      0x2f4 ./Middlewares/Third_Party/AL94_USB_Composite/COMPOSITE/Core/Src/usbd_core.o
 .debug_frame   0x00002974      0x23c ./Middlewares/Third_Party/AL94_USB_Composite/COMPOSITE/Core/Src/usbd_ctlreq.o
 .debug_frame   0x00002bb0      0x10c ./Middlewares/Third_Party/AL94_USB_Composite/COMPOSITE/Core/Src/usbd_ioreq.o
 .debug_frame   0x00002cbc      0x434 ./Middlewares/Third_Party/AL94_USB_Composite/COMPOSITE/Target/usbd_conf.o
 .debug_frame   0x000030f0       0x20 D:/Programs/STM32CubeIDE_1.19.0/STM32CubeIDE/plugins/com.st.stm32cube.ide.mcu.externaltools.gnu-tools-for-stm32.13.3.rel1.win32_1.0.0.202411081344/tools/bin/../lib/gcc/arm-none-eabi/13.3.1/../../../../arm-none-eabi/lib/thumb/v7e-m+fp/hard\libc_nano.a(libc_a-memset.o)
 .debug_frame   0x00003110       0x2c D:/Programs/STM32CubeIDE_1.19.0/STM32CubeIDE/plugins/com.st.stm32cube.ide.mcu.externaltools.gnu-tools-for-stm32.13.3.rel1.win32_1.0.0.202411081344/tools/bin/../lib/gcc/arm-none-eabi/13.3.1/../../../../arm-none-eabi/lib/thumb/v7e-m+fp/hard\libc_nano.a(libc_a-init.o)
 .debug_frame   0x0000313c       0x28 D:/Programs/STM32CubeIDE_1.19.0/STM32CubeIDE/plugins/com.st.stm32cube.ide.mcu.externaltools.gnu-tools-for-stm32.13.3.rel1.win32_1.0.0.202411081344/tools/bin/../lib/gcc/arm-none-eabi/13.3.1/../../../../arm-none-eabi/lib/thumb/v7e-m+fp/hard\libc_nano.a(libc_a-memcpy-stub.o)

.debug_line_str
                0x00000000       0x5a
 .debug_line_str
                0x00000000       0x5a ./Core/Startup/startup_stm32g431rbtx.o
